23:24:31 **** Clean-only build of configuration Release for project STATION_F103RB_HX8357 ****
make -j6 clean 
rm -rf ./Drivers/STM32F1xx_HAL_Driver/stm32f1xx_hal.d ./Drivers/STM32F1xx_HAL_Driver/stm32f1xx_hal.o ./Drivers/STM32F1xx_HAL_Driver/stm32f1xx_hal_cortex.d ./Drivers/STM32F1xx_HAL_Driver/stm32f1xx_hal_cortex.o ./Drivers/STM32F1xx_HAL_Driver/stm32f1xx_hal_dma.d ./Drivers/STM32F1xx_HAL_Driver/stm32f1xx_hal_dma.o ./Drivers/STM32F1xx_HAL_Driver/stm32f1xx_hal_exti.d ./Drivers/STM32F1xx_HAL_Driver/stm32f1xx_hal_exti.o ./Drivers/STM32F1xx_HAL_Driver/stm32f1xx_hal_flash.d ./Drivers/STM32F1xx_HAL_Driver/stm32f1xx_hal_flash.o ./Drivers/STM32F1xx_HAL_Driver/stm32f1xx_hal_flash_ex.d ./Drivers/STM32F1xx_HAL_Driver/stm32f1xx_hal_flash_ex.o ./Drivers/STM32F1xx_HAL_Driver/stm32f1xx_hal_gpio.d ./Drivers/STM32F1xx_HAL_Driver/stm32f1xx_hal_gpio.o ./Drivers/STM32F1xx_HAL_Driver/stm32f1xx_hal_gpio_ex.d ./Drivers/STM32F1xx_HAL_Driver/stm32f1xx_hal_gpio_ex.o ./Drivers/STM32F1xx_HAL_Driver/stm32f1xx_hal_i2c.d ./Drivers/STM32F1xx_HAL_Driver/stm32f1xx_hal_i2c.o ./Drivers/STM32F1xx_HAL_Driver/stm32f1xx_hal_pwr.d ./Drivers/STM32F1xx_HAL_Driver/stm32f1xx_hal_pwr.o ./Drivers/STM32F1xx_HAL_Driver/stm32f1xx_hal_rcc.d ./Drivers/STM32F1xx_HAL_Driver/stm32f1xx_hal_rcc.o ./Drivers/STM32F1xx_HAL_Driver/stm32f1xx_hal_rcc_ex.d ./Drivers/STM32F1xx_HAL_Driver/stm32f1xx_hal_rcc_ex.o ./Drivers/STM32F1xx_HAL_Driver/stm32f1xx_hal_tim.d ./Drivers/STM32F1xx_HAL_Driver/stm32f1xx_hal_tim.o ./Drivers/STM32F1xx_HAL_Driver/stm32f1xx_hal_tim_ex.d ./Drivers/STM32F1xx_HAL_Driver/stm32f1xx_hal_tim_ex.o ./Drivers/STM32F1xx_HAL_Driver/stm32f1xx_hal_uart.d ./Drivers/STM32F1xx_HAL_Driver/stm32f1xx_hal_uart.o
rm -rf ./Drivers/CMSIS/system_stm32f1xx.d ./Drivers/CMSIS/system_stm32f1xx.o
rm -rf ./Application/User/Startup/startup_stm32f103rbtx.d ./Application/User/Startup/startup_stm32f103rbtx.o
rm -rf ./Application/User/Core/at24xx.d ./Application/User/Core/at24xx.o ./Application/User/Core/bme280.d ./Application/User/Core/bme280.o ./Application/User/Core/ds3231.d ./Application/User/Core/ds3231.o ./Application/User/Core/hx8357.d ./Application/User/Core/hx8357.o ./Application/User/Core/main.d ./Application/User/Core/main.o ./Application/User/Core/stm32f1xx_hal_msp.d ./Application/User/Core/stm32f1xx_hal_msp.o ./Application/User/Core/stm32f1xx_it.d ./Application/User/Core/stm32f1xx_it.o ./Application/User/Core/syscalls.d ./Application/User/Core/syscalls.o ./Application/User/Core/sysmem.d ./Application/User/Core/sysmem.o
rm -rf STATION_F103RB_HX8357.bin STATION_F103RB_HX8357.elf STATION_F103RB_HX8357.hex STATION_F103RB_HX8357.list default.size.stdout
 
23:24:31 **** Incremental Build of configuration Release for project STATION_F103RB_HX8357 ****
make -j6 all 
arm-none-eabi-gcc "E:/GitHub/STATION_F103RB_HX8357/Drivers/STM32F1xx_HAL_Driver/Src/stm32f1xx_hal.c" -mcpu=cortex-m3 -std=gnu11 -g -DUSE_HAL_DRIVER -DSTM32F103xB -c -I../../Core/Inc -I../../Drivers/STM32F1xx_HAL_Driver/Inc -I../../Drivers/CMSIS/Device/ST/STM32F1xx/Include -I../../Drivers/CMSIS/Include -I../../Drivers/STM32F1xx_HAL_Driver/Inc/Legacy -O3 -ffunction-sections -fdata-sections -Wall -fstack-usage -MMD -MP -MF"Drivers/STM32F1xx_HAL_Driver/stm32f1xx_hal.d" -MT"Drivers/STM32F1xx_HAL_Driver/stm32f1xx_hal.o" --specs=nano.specs -mfloat-abi=soft -mthumb -o "Drivers/STM32F1xx_HAL_Driver/stm32f1xx_hal.o"
arm-none-eabi-gcc "E:/GitHub/STATION_F103RB_HX8357/Drivers/STM32F1xx_HAL_Driver/Src/stm32f1xx_hal_cortex.c" -mcpu=cortex-m3 -std=gnu11 -g -DUSE_HAL_DRIVER -DSTM32F103xB -c -I../../Core/Inc -I../../Drivers/STM32F1xx_HAL_Driver/Inc -I../../Drivers/CMSIS/Device/ST/STM32F1xx/Include -I../../Drivers/CMSIS/Include -I../../Drivers/STM32F1xx_HAL_Driver/Inc/Legacy -O3 -ffunction-sections -fdata-sections -Wall -fstack-usage -MMD -MP -MF"Drivers/STM32F1xx_HAL_Driver/stm32f1xx_hal_cortex.d" -MT"Drivers/STM32F1xx_HAL_Driver/stm32f1xx_hal_cortex.o" --specs=nano.specs -mfloat-abi=soft -mthumb -o "Drivers/STM32F1xx_HAL_Driver/stm32f1xx_hal_cortex.o"
arm-none-eabi-gcc "E:/GitHub/STATION_F103RB_HX8357/Drivers/STM32F1xx_HAL_Driver/Src/stm32f1xx_hal_dma.c" -mcpu=cortex-m3 -std=gnu11 -g -DUSE_HAL_DRIVER -DSTM32F103xB -c -I../../Core/Inc -I../../Drivers/STM32F1xx_HAL_Driver/Inc -I../../Drivers/CMSIS/Device/ST/STM32F1xx/Include -I../../Drivers/CMSIS/Include -I../../Drivers/STM32F1xx_HAL_Driver/Inc/Legacy -O3 -ffunction-sections -fdata-sections -Wall -fstack-usage -MMD -MP -MF"Drivers/STM32F1xx_HAL_Driver/stm32f1xx_hal_dma.d" -MT"Drivers/STM32F1xx_HAL_Driver/stm32f1xx_hal_dma.o" --specs=nano.specs -mfloat-abi=soft -mthumb -o "Drivers/STM32F1xx_HAL_Driver/stm32f1xx_hal_dma.o"
arm-none-eabi-gcc "E:/GitHub/STATION_F103RB_HX8357/Drivers/STM32F1xx_HAL_Driver/Src/stm32f1xx_hal_exti.c" -mcpu=cortex-m3 -std=gnu11 -g -DUSE_HAL_DRIVER -DSTM32F103xB -c -I../../Core/Inc -I../../Drivers/STM32F1xx_HAL_Driver/Inc -I../../Drivers/CMSIS/Device/ST/STM32F1xx/Include -I../../Drivers/CMSIS/Include -I../../Drivers/STM32F1xx_HAL_Driver/Inc/Legacy -O3 -ffunction-sections -fdata-sections -Wall -fstack-usage -MMD -MP -MF"Drivers/STM32F1xx_HAL_Driver/stm32f1xx_hal_exti.d" -MT"Drivers/STM32F1xx_HAL_Driver/stm32f1xx_hal_exti.o" --specs=nano.specs -mfloat-abi=soft -mthumb -o "Drivers/STM32F1xx_HAL_Driver/stm32f1xx_hal_exti.o"
arm-none-eabi-gcc "E:/GitHub/STATION_F103RB_HX8357/Drivers/STM32F1xx_HAL_Driver/Src/stm32f1xx_hal_flash.c" -mcpu=cortex-m3 -std=gnu11 -g -DUSE_HAL_DRIVER -DSTM32F103xB -c -I../../Core/Inc -I../../Drivers/STM32F1xx_HAL_Driver/Inc -I../../Drivers/CMSIS/Device/ST/STM32F1xx/Include -I../../Drivers/CMSIS/Include -I../../Drivers/STM32F1xx_HAL_Driver/Inc/Legacy -O3 -ffunction-sections -fdata-sections -Wall -fstack-usage -MMD -MP -MF"Drivers/STM32F1xx_HAL_Driver/stm32f1xx_hal_flash.d" -MT"Drivers/STM32F1xx_HAL_Driver/stm32f1xx_hal_flash.o" --specs=nano.specs -mfloat-abi=soft -mthumb -o "Drivers/STM32F1xx_HAL_Driver/stm32f1xx_hal_flash.o"
arm-none-eabi-gcc "E:/GitHub/STATION_F103RB_HX8357/Drivers/STM32F1xx_HAL_Driver/Src/stm32f1xx_hal_flash_ex.c" -mcpu=cortex-m3 -std=gnu11 -g -DUSE_HAL_DRIVER -DSTM32F103xB -c -I../../Core/Inc -I../../Drivers/STM32F1xx_HAL_Driver/Inc -I../../Drivers/CMSIS/Device/ST/STM32F1xx/Include -I../../Drivers/CMSIS/Include -I../../Drivers/STM32F1xx_HAL_Driver/Inc/Legacy -O3 -ffunction-sections -fdata-sections -Wall -fstack-usage -MMD -MP -MF"Drivers/STM32F1xx_HAL_Driver/stm32f1xx_hal_flash_ex.d" -MT"Drivers/STM32F1xx_HAL_Driver/stm32f1xx_hal_flash_ex.o" --specs=nano.specs -mfloat-abi=soft -mthumb -o "Drivers/STM32F1xx_HAL_Driver/stm32f1xx_hal_flash_ex.o"
arm-none-eabi-gcc "E:/GitHub/STATION_F103RB_HX8357/Drivers/STM32F1xx_HAL_Driver/Src/stm32f1xx_hal_gpio.c" -mcpu=cortex-m3 -std=gnu11 -g -DUSE_HAL_DRIVER -DSTM32F103xB -c -I../../Core/Inc -I../../Drivers/STM32F1xx_HAL_Driver/Inc -I../../Drivers/CMSIS/Device/ST/STM32F1xx/Include -I../../Drivers/CMSIS/Include -I../../Drivers/STM32F1xx_HAL_Driver/Inc/Legacy -O3 -ffunction-sections -fdata-sections -Wall -fstack-usage -MMD -MP -MF"Drivers/STM32F1xx_HAL_Driver/stm32f1xx_hal_gpio.d" -MT"Drivers/STM32F1xx_HAL_Driver/stm32f1xx_hal_gpio.o" --specs=nano.specs -mfloat-abi=soft -mthumb -o "Drivers/STM32F1xx_HAL_Driver/stm32f1xx_hal_gpio.o"
arm-none-eabi-gcc "E:/GitHub/STATION_F103RB_HX8357/Drivers/STM32F1xx_HAL_Driver/Src/stm32f1xx_hal_gpio_ex.c" -mcpu=cortex-m3 -std=gnu11 -g -DUSE_HAL_DRIVER -DSTM32F103xB -c -I../../Core/Inc -I../../Drivers/STM32F1xx_HAL_Driver/Inc -I../../Drivers/CMSIS/Device/ST/STM32F1xx/Include -I../../Drivers/CMSIS/Include -I../../Drivers/STM32F1xx_HAL_Driver/Inc/Legacy -O3 -ffunction-sections -fdata-sections -Wall -fstack-usage -MMD -MP -MF"Drivers/STM32F1xx_HAL_Driver/stm32f1xx_hal_gpio_ex.d" -MT"Drivers/STM32F1xx_HAL_Driver/stm32f1xx_hal_gpio_ex.o" --specs=nano.specs -mfloat-abi=soft -mthumb -o "Drivers/STM32F1xx_HAL_Driver/stm32f1xx_hal_gpio_ex.o"
arm-none-eabi-gcc "E:/GitHub/STATION_F103RB_HX8357/Drivers/STM32F1xx_HAL_Driver/Src/stm32f1xx_hal_i2c.c" -mcpu=cortex-m3 -std=gnu11 -g -DUSE_HAL_DRIVER -DSTM32F103xB -c -I../../Core/Inc -I../../Drivers/STM32F1xx_HAL_Driver/Inc -I../../Drivers/CMSIS/Device/ST/STM32F1xx/Include -I../../Drivers/CMSIS/Include -I../../Drivers/STM32F1xx_HAL_Driver/Inc/Legacy -O3 -ffunction-sections -fdata-sections -Wall -fstack-usage -MMD -MP -MF"Drivers/STM32F1xx_HAL_Driver/stm32f1xx_hal_i2c.d" -MT"Drivers/STM32F1xx_HAL_Driver/stm32f1xx_hal_i2c.o" --specs=nano.specs -mfloat-abi=soft -mthumb -o "Drivers/STM32F1xx_HAL_Driver/stm32f1xx_hal_i2c.o"
arm-none-eabi-gcc "E:/GitHub/STATION_F103RB_HX8357/Drivers/STM32F1xx_HAL_Driver/Src/stm32f1xx_hal_pwr.c" -mcpu=cortex-m3 -std=gnu11 -g -DUSE_HAL_DRIVER -DSTM32F103xB -c -I../../Core/Inc -I../../Drivers/STM32F1xx_HAL_Driver/Inc -I../../Drivers/CMSIS/Device/ST/STM32F1xx/Include -I../../Drivers/CMSIS/Include -I../../Drivers/STM32F1xx_HAL_Driver/Inc/Legacy -O3 -ffunction-sections -fdata-sections -Wall -fstack-usage -MMD -MP -MF"Drivers/STM32F1xx_HAL_Driver/stm32f1xx_hal_pwr.d" -MT"Drivers/STM32F1xx_HAL_Driver/stm32f1xx_hal_pwr.o" --specs=nano.specs -mfloat-abi=soft -mthumb -o "Drivers/STM32F1xx_HAL_Driver/stm32f1xx_hal_pwr.o"
arm-none-eabi-gcc "E:/GitHub/STATION_F103RB_HX8357/Drivers/STM32F1xx_HAL_Driver/Src/stm32f1xx_hal_rcc.c" -mcpu=cortex-m3 -std=gnu11 -g -DUSE_HAL_DRIVER -DSTM32F103xB -c -I../../Core/Inc -I../../Drivers/STM32F1xx_HAL_Driver/Inc -I../../Drivers/CMSIS/Device/ST/STM32F1xx/Include -I../../Drivers/CMSIS/Include -I../../Drivers/STM32F1xx_HAL_Driver/Inc/Legacy -O3 -ffunction-sections -fdata-sections -Wall -fstack-usage -MMD -MP -MF"Drivers/STM32F1xx_HAL_Driver/stm32f1xx_hal_rcc.d" -MT"Drivers/STM32F1xx_HAL_Driver/stm32f1xx_hal_rcc.o" --specs=nano.specs -mfloat-abi=soft -mthumb -o "Drivers/STM32F1xx_HAL_Driver/stm32f1xx_hal_rcc.o"
arm-none-eabi-gcc "E:/GitHub/STATION_F103RB_HX8357/Drivers/STM32F1xx_HAL_Driver/Src/stm32f1xx_hal_rcc_ex.c" -mcpu=cortex-m3 -std=gnu11 -g -DUSE_HAL_DRIVER -DSTM32F103xB -c -I../../Core/Inc -I../../Drivers/STM32F1xx_HAL_Driver/Inc -I../../Drivers/CMSIS/Device/ST/STM32F1xx/Include -I../../Drivers/CMSIS/Include -I../../Drivers/STM32F1xx_HAL_Driver/Inc/Legacy -O3 -ffunction-sections -fdata-sections -Wall -fstack-usage -MMD -MP -MF"Drivers/STM32F1xx_HAL_Driver/stm32f1xx_hal_rcc_ex.d" -MT"Drivers/STM32F1xx_HAL_Driver/stm32f1xx_hal_rcc_ex.o" --specs=nano.specs -mfloat-abi=soft -mthumb -o "Drivers/STM32F1xx_HAL_Driver/stm32f1xx_hal_rcc_ex.o"
arm-none-eabi-gcc "E:/GitHub/STATION_F103RB_HX8357/Drivers/STM32F1xx_HAL_Driver/Src/stm32f1xx_hal_tim.c" -mcpu=cortex-m3 -std=gnu11 -g -DUSE_HAL_DRIVER -DSTM32F103xB -c -I../../Core/Inc -I../../Drivers/STM32F1xx_HAL_Driver/Inc -I../../Drivers/CMSIS/Device/ST/STM32F1xx/Include -I../../Drivers/CMSIS/Include -I../../Drivers/STM32F1xx_HAL_Driver/Inc/Legacy -O3 -ffunction-sections -fdata-sections -Wall -fstack-usage -MMD -MP -MF"Drivers/STM32F1xx_HAL_Driver/stm32f1xx_hal_tim.d" -MT"Drivers/STM32F1xx_HAL_Driver/stm32f1xx_hal_tim.o" --specs=nano.specs -mfloat-abi=soft -mthumb -o "Drivers/STM32F1xx_HAL_Driver/stm32f1xx_hal_tim.o"
arm-none-eabi-gcc "E:/GitHub/STATION_F103RB_HX8357/Drivers/STM32F1xx_HAL_Driver/Src/stm32f1xx_hal_tim_ex.c" -mcpu=cortex-m3 -std=gnu11 -g -DUSE_HAL_DRIVER -DSTM32F103xB -c -I../../Core/Inc -I../../Drivers/STM32F1xx_HAL_Driver/Inc -I../../Drivers/CMSIS/Device/ST/STM32F1xx/Include -I../../Drivers/CMSIS/Include -I../../Drivers/STM32F1xx_HAL_Driver/Inc/Legacy -O3 -ffunction-sections -fdata-sections -Wall -fstack-usage -MMD -MP -MF"Drivers/STM32F1xx_HAL_Driver/stm32f1xx_hal_tim_ex.d" -MT"Drivers/STM32F1xx_HAL_Driver/stm32f1xx_hal_tim_ex.o" --specs=nano.specs -mfloat-abi=soft -mthumb -o "Drivers/STM32F1xx_HAL_Driver/stm32f1xx_hal_tim_ex.o"
arm-none-eabi-gcc "E:/GitHub/STATION_F103RB_HX8357/Drivers/STM32F1xx_HAL_Driver/Src/stm32f1xx_hal_uart.c" -mcpu=cortex-m3 -std=gnu11 -g -DUSE_HAL_DRIVER -DSTM32F103xB -c -I../../Core/Inc -I../../Drivers/STM32F1xx_HAL_Driver/Inc -I../../Drivers/CMSIS/Device/ST/STM32F1xx/Include -I../../Drivers/CMSIS/Include -I../../Drivers/STM32F1xx_HAL_Driver/Inc/Legacy -O3 -ffunction-sections -fdata-sections -Wall -fstack-usage -MMD -MP -MF"Drivers/STM32F1xx_HAL_Driver/stm32f1xx_hal_uart.d" -MT"Drivers/STM32F1xx_HAL_Driver/stm32f1xx_hal_uart.o" --specs=nano.specs -mfloat-abi=soft -mthumb -o "Drivers/STM32F1xx_HAL_Driver/stm32f1xx_hal_uart.o"
arm-none-eabi-gcc "E:/GitHub/STATION_F103RB_HX8357/Core/Src/system_stm32f1xx.c" -mcpu=cortex-m3 -std=gnu11 -g -DUSE_HAL_DRIVER -DSTM32F103xB -c -I../../Core/Inc -I../../Drivers/STM32F1xx_HAL_Driver/Inc -I../../Drivers/CMSIS/Device/ST/STM32F1xx/Include -I../../Drivers/CMSIS/Include -I../../Drivers/STM32F1xx_HAL_Driver/Inc/Legacy -O3 -ffunction-sections -fdata-sections -Wall -fstack-usage -MMD -MP -MF"Drivers/CMSIS/system_stm32f1xx.d" -MT"Drivers/CMSIS/system_stm32f1xx.o" --specs=nano.specs -mfloat-abi=soft -mthumb -o "Drivers/CMSIS/system_stm32f1xx.o"
arm-none-eabi-gcc -mcpu=cortex-m3 -g3 -c -x assembler-with-cpp -MMD -MP -MF"Application/User/Startup/startup_stm32f103rbtx.d" -MT"Application/User/Startup/startup_stm32f103rbtx.o" --specs=nano.specs -mfloat-abi=soft -mthumb -o "Application/User/Startup/startup_stm32f103rbtx.o" "../Application/User/Startup/startup_stm32f103rbtx.s"
arm-none-eabi-gcc "E:/GitHub/STATION_F103RB_HX8357/Core/Src/at24xx.c" -mcpu=cortex-m3 -std=gnu11 -g -DUSE_HAL_DRIVER -DSTM32F103xB -c -I../../Core/Inc -I../../Drivers/STM32F1xx_HAL_Driver/Inc -I../../Drivers/CMSIS/Device/ST/STM32F1xx/Include -I../../Drivers/CMSIS/Include -I../../Drivers/STM32F1xx_HAL_Driver/Inc/Legacy -O3 -ffunction-sections -fdata-sections -Wall -fstack-usage -MMD -MP -MF"Application/User/Core/at24xx.d" -MT"Application/User/Core/at24xx.o" --specs=nano.specs -mfloat-abi=soft -mthumb -o "Application/User/Core/at24xx.o"
arm-none-eabi-gcc "E:/GitHub/STATION_F103RB_HX8357/Core/Src/bme280.c" -mcpu=cortex-m3 -std=gnu11 -g -DUSE_HAL_DRIVER -DSTM32F103xB -c -I../../Core/Inc -I../../Drivers/STM32F1xx_HAL_Driver/Inc -I../../Drivers/CMSIS/Device/ST/STM32F1xx/Include -I../../Drivers/CMSIS/Include -I../../Drivers/STM32F1xx_HAL_Driver/Inc/Legacy -O3 -ffunction-sections -fdata-sections -Wall -fstack-usage -MMD -MP -MF"Application/User/Core/bme280.d" -MT"Application/User/Core/bme280.o" --specs=nano.specs -mfloat-abi=soft -mthumb -o "Application/User/Core/bme280.o"
arm-none-eabi-gcc "E:/GitHub/STATION_F103RB_HX8357/Core/Src/ds3231.c" -mcpu=cortex-m3 -std=gnu11 -g -DUSE_HAL_DRIVER -DSTM32F103xB -c -I../../Core/Inc -I../../Drivers/STM32F1xx_HAL_Driver/Inc -I../../Drivers/CMSIS/Device/ST/STM32F1xx/Include -I../../Drivers/CMSIS/Include -I../../Drivers/STM32F1xx_HAL_Driver/Inc/Legacy -O3 -ffunction-sections -fdata-sections -Wall -fstack-usage -MMD -MP -MF"Application/User/Core/ds3231.d" -MT"Application/User/Core/ds3231.o" --specs=nano.specs -mfloat-abi=soft -mthumb -o "Application/User/Core/ds3231.o"
arm-none-eabi-gcc "E:/GitHub/STATION_F103RB_HX8357/Core/Src/hx8357.c" -mcpu=cortex-m3 -std=gnu11 -g -DUSE_HAL_DRIVER -DSTM32F103xB -c -I../../Core/Inc -I../../Drivers/STM32F1xx_HAL_Driver/Inc -I../../Drivers/CMSIS/Device/ST/STM32F1xx/Include -I../../Drivers/CMSIS/Include -I../../Drivers/STM32F1xx_HAL_Driver/Inc/Legacy -O3 -ffunction-sections -fdata-sections -Wall -fstack-usage -MMD -MP -MF"Application/User/Core/hx8357.d" -MT"Application/User/Core/hx8357.o" --specs=nano.specs -mfloat-abi=soft -mthumb -o "Application/User/Core/hx8357.o"
arm-none-eabi-gcc "E:/GitHub/STATION_F103RB_HX8357/Core/Src/main.c" -mcpu=cortex-m3 -std=gnu11 -g -DUSE_HAL_DRIVER -DSTM32F103xB -c -I../../Core/Inc -I../../Drivers/STM32F1xx_HAL_Driver/Inc -I../../Drivers/CMSIS/Device/ST/STM32F1xx/Include -I../../Drivers/CMSIS/Include -I../../Drivers/STM32F1xx_HAL_Driver/Inc/Legacy -O3 -ffunction-sections -fdata-sections -Wall -fstack-usage -MMD -MP -MF"Application/User/Core/main.d" -MT"Application/User/Core/main.o" --specs=nano.specs -mfloat-abi=soft -mthumb -o "Application/User/Core/main.o"
arm-none-eabi-gcc "E:/GitHub/STATION_F103RB_HX8357/Core/Src/stm32f1xx_hal_msp.c" -mcpu=cortex-m3 -std=gnu11 -g -DUSE_HAL_DRIVER -DSTM32F103xB -c -I../../Core/Inc -I../../Drivers/STM32F1xx_HAL_Driver/Inc -I../../Drivers/CMSIS/Device/ST/STM32F1xx/Include -I../../Drivers/CMSIS/Include -I../../Drivers/STM32F1xx_HAL_Driver/Inc/Legacy -O3 -ffunction-sections -fdata-sections -Wall -fstack-usage -MMD -MP -MF"Application/User/Core/stm32f1xx_hal_msp.d" -MT"Application/User/Core/stm32f1xx_hal_msp.o" --specs=nano.specs -mfloat-abi=soft -mthumb -o "Application/User/Core/stm32f1xx_hal_msp.o"
arm-none-eabi-gcc "E:/GitHub/STATION_F103RB_HX8357/Core/Src/stm32f1xx_it.c" -mcpu=cortex-m3 -std=gnu11 -g -DUSE_HAL_DRIVER -DSTM32F103xB -c -I../../Core/Inc -I../../Drivers/STM32F1xx_HAL_Driver/Inc -I../../Drivers/CMSIS/Device/ST/STM32F1xx/Include -I../../Drivers/CMSIS/Include -I../../Drivers/STM32F1xx_HAL_Driver/Inc/Legacy -O3 -ffunction-sections -fdata-sections -Wall -fstack-usage -MMD -MP -MF"Application/User/Core/stm32f1xx_it.d" -MT"Application/User/Core/stm32f1xx_it.o" --specs=nano.specs -mfloat-abi=soft -mthumb -o "Application/User/Core/stm32f1xx_it.o"
arm-none-eabi-gcc "../Application/User/Core/syscalls.c" -mcpu=cortex-m3 -std=gnu11 -g -DUSE_HAL_DRIVER -DSTM32F103xB -c -I../../Core/Inc -I../../Drivers/STM32F1xx_HAL_Driver/Inc -I../../Drivers/CMSIS/Device/ST/STM32F1xx/Include -I../../Drivers/CMSIS/Include -I../../Drivers/STM32F1xx_HAL_Driver/Inc/Legacy -O3 -ffunction-sections -fdata-sections -Wall -fstack-usage -MMD -MP -MF"Application/User/Core/syscalls.d" -MT"Application/User/Core/syscalls.o" --specs=nano.specs -mfloat-abi=soft -mthumb -o "Application/User/Core/syscalls.o"
arm-none-eabi-gcc "../Application/User/Core/sysmem.c" -mcpu=cortex-m3 -std=gnu11 -g -DUSE_HAL_DRIVER -DSTM32F103xB -c -I../../Core/Inc -I../../Drivers/STM32F1xx_HAL_Driver/Inc -I../../Drivers/CMSIS/Device/ST/STM32F1xx/Include -I../../Drivers/CMSIS/Include -I../../Drivers/STM32F1xx_HAL_Driver/Inc/Legacy -O3 -ffunction-sections -fdata-sections -Wall -fstack-usage -MMD -MP -MF"Application/User/Core/sysmem.d" -MT"Application/User/Core/sysmem.o" --specs=nano.specs -mfloat-abi=soft -mthumb -o "Application/User/Core/sysmem.o"
arm-none-eabi-gcc -o "STATION_F103RB_HX8357.elf" @"objects.list"   -mcpu=cortex-m3 -T"E:\GitHub\STATION_F103RB_HX8357\STM32CubeIDE\STM32F103RBTX_FLASH.ld" -Wl,-Map="STATION_F103RB_HX8357.map" -Wl,--gc-sections -static --specs=nano.specs -mfloat-abi=soft -mthumb -u _printf_float -u _scanf_float -Wl,--start-group -lc -lm -Wl,--end-group
Finished building target: STATION_F103RB_HX8357.elf
 
arm-none-eabi-size   STATION_F103RB_HX8357.elf 
arm-none-eabi-objdump -h -S  STATION_F103RB_HX8357.elf  > "STATION_F103RB_HX8357.list"
arm-none-eabi-objcopy  -O ihex  STATION_F103RB_HX8357.elf  "STATION_F103RB_HX8357.hex"
arm-none-eabi-objcopy  -O binary  STATION_F103RB_HX8357.elf  "STATION_F103RB_HX8357.bin"
   text	   data	    bss	    dec	    hex	filename
 122904	    492	   3488	 126884	  1efa4	STATION_F103RB_HX8357.elf
Finished building: default.size.stdout
 
Finished building: STATION_F103RB_HX8357.hex
Finished building: STATION_F103RB_HX8357.bin
 
 
Finished building: STATION_F103RB_HX8357.list
 
23:24:37 **** Incremental Build of configuration Release for project STATION_F103RB_HX8357 ****
make -j6 all 
arm-none-eabi-size   STATION_F103RB_HX8357.elf 
   text	   data	    bss	    dec	    hex	filename
 122904	    492	   3488	 126884	  1efa4	STATION_F103RB_HX8357.elf
Finished building: default.size.stdout
 
23:24:46 **** Incremental Build of configuration Debug for project STATION_F103RB_HX8357 ****
make -j6 all 
arm-none-eabi-size   STATION_F103RB_HX8357.elf 
   text	   data	    bss	    dec	    hex	filename
 127632	    488	   3488	 131608	  20218	STATION_F103RB_HX8357.elf
Finished building: default.size.stdout
 
23:26:20 **** Incremental Build of configuration Debug for project STATION_F103RB_HX8357 ****
make -j6 all 
arm-none-eabi-size   STATION_F103RB_HX8357.elf 
   text	   data	    bss	    dec	    hex	filename
 127632	    488	   3488	 131608	  20218	STATION_F103RB_HX8357.elf
Finished building: default.size.stdout
 
23:28:47 **** Incremental Build of configuration Release for project STATION_F103RB_HX8357 ****
make -j6 all 
arm-none-eabi-gcc "E:/GitHub/STATION_F103RB_HX8357/Core/Src/main.c" -mcpu=cortex-m3 -std=gnu11 -g -DUSE_HAL_DRIVER -DSTM32F103xB -c -I../../Core/Inc -I../../Drivers/STM32F1xx_HAL_Driver/Inc -I../../Drivers/CMSIS/Device/ST/STM32F1xx/Include -I../../Drivers/CMSIS/Include -I../../Drivers/STM32F1xx_HAL_Driver/Inc/Legacy -O3 -ffunction-sections -fdata-sections -Wall -fstack-usage -MMD -MP -MF"Application/User/Core/main.d" -MT"Application/User/Core/main.o" --specs=nano.specs -mfloat-abi=soft -mthumb -o "Application/User/Core/main.o"
arm-none-eabi-gcc -o "STATION_F103RB_HX8357.elf" @"objects.list"   -mcpu=cortex-m3 -T"E:\GitHub\STATION_F103RB_HX8357\STM32CubeIDE\STM32F103RBTX_FLASH.ld" -Wl,-Map="STATION_F103RB_HX8357.map" -Wl,--gc-sections -static --specs=nano.specs -mfloat-abi=soft -mthumb -u _printf_float -u _scanf_float -Wl,--start-group -lc -lm -Wl,--end-group
Finished building target: STATION_F103RB_HX8357.elf
 
arm-none-eabi-size   STATION_F103RB_HX8357.elf 
arm-none-eabi-objdump -h -S  STATION_F103RB_HX8357.elf  > "STATION_F103RB_HX8357.list"
arm-none-eabi-objcopy  -O ihex  STATION_F103RB_HX8357.elf  "STATION_F103RB_HX8357.hex"
arm-none-eabi-objcopy  -O binary  STATION_F103RB_HX8357.elf  "STATION_F103RB_HX8357.bin"
   text	   data	    bss	    dec	    hex	filename
 122904	    492	   3488	 126884	  1efa4	STATION_F103RB_HX8357.elf
Finished building: default.size.stdout
 
Finished building: STATION_F103RB_HX8357.bin
Finished building: STATION_F103RB_HX8357.hex
 
 
Finished building: STATION_F103RB_HX8357.list
 
23:28:56 **** Incremental Build of configuration Debug for project STATION_F103RB_HX8357 ****
make -j6 all 
arm-none-eabi-gcc "E:/GitHub/STATION_F103RB_HX8357/Core/Src/main.c" -mcpu=cortex-m3 -std=gnu11 -g3 -DDEBUG -DUSE_HAL_DRIVER -DSTM32F103xB -c -I../../Core/Inc -I../../Drivers/STM32F1xx_HAL_Driver/Inc -I../../Drivers/STM32F1xx_HAL_Driver/Inc/Legacy -I../../Drivers/CMSIS/Device/ST/STM32F1xx/Include -I../../Drivers/CMSIS/Include -Ofast -ffunction-sections -fdata-sections -Wall -flto -fstack-usage -MMD -MP -MF"Application/User/Core/main.d" -MT"Application/User/Core/main.o" --specs=nano.specs -mfloat-abi=soft -mthumb -o "Application/User/Core/main.o"
arm-none-eabi-gcc -o "STATION_F103RB_HX8357.elf" @"objects.list"   -mcpu=cortex-m3 -T"E:\GitHub\STATION_F103RB_HX8357\STM32CubeIDE\STM32F103RBTX_FLASH.ld" --specs=nosys.specs -Wl,-Map="STATION_F103RB_HX8357.map" -Wl,--gc-sections -static --specs=nano.specs -mfloat-abi=soft -mthumb -u _printf_float -u _scanf_float -Wl,--start-group -lc -lm -Wl,--end-group
Finished building target: STATION_F103RB_HX8357.elf
 
arm-none-eabi-size   STATION_F103RB_HX8357.elf 
arm-none-eabi-objdump -h -S  STATION_F103RB_HX8357.elf  > "STATION_F103RB_HX8357.list"
arm-none-eabi-objcopy  -O ihex  STATION_F103RB_HX8357.elf  "STATION_F103RB_HX8357.hex"
arm-none-eabi-objcopy  -O binary  STATION_F103RB_HX8357.elf  "STATION_F103RB_HX8357.bin"
   text	   data	    bss	    dec	    hex	filename
 127592	    488	   3488	 131568	  201f0	STATION_F103RB_HX8357.elf
Finished building: default.size.stdout
 
Finished building: STATION_F103RB_HX8357.bin
Finished building: STATION_F103RB_HX8357.hex
 
 
Finished building: STATION_F103RB_HX8357.list
 
23:33:06 **** Clean-only build of configuration Release for project STATION_F103RB_HX8357 ****
make -j6 clean 
rm -rf ./Drivers/STM32F1xx_HAL_Driver/stm32f1xx_hal.d ./Drivers/STM32F1xx_HAL_Driver/stm32f1xx_hal.o ./Drivers/STM32F1xx_HAL_Driver/stm32f1xx_hal_cortex.d ./Drivers/STM32F1xx_HAL_Driver/stm32f1xx_hal_cortex.o ./Drivers/STM32F1xx_HAL_Driver/stm32f1xx_hal_dma.d ./Drivers/STM32F1xx_HAL_Driver/stm32f1xx_hal_dma.o ./Drivers/STM32F1xx_HAL_Driver/stm32f1xx_hal_exti.d ./Drivers/STM32F1xx_HAL_Driver/stm32f1xx_hal_exti.o ./Drivers/STM32F1xx_HAL_Driver/stm32f1xx_hal_flash.d ./Drivers/STM32F1xx_HAL_Driver/stm32f1xx_hal_flash.o ./Drivers/STM32F1xx_HAL_Driver/stm32f1xx_hal_flash_ex.d ./Drivers/STM32F1xx_HAL_Driver/stm32f1xx_hal_flash_ex.o ./Drivers/STM32F1xx_HAL_Driver/stm32f1xx_hal_gpio.d ./Drivers/STM32F1xx_HAL_Driver/stm32f1xx_hal_gpio.o ./Drivers/STM32F1xx_HAL_Driver/stm32f1xx_hal_gpio_ex.d ./Drivers/STM32F1xx_HAL_Driver/stm32f1xx_hal_gpio_ex.o ./Drivers/STM32F1xx_HAL_Driver/stm32f1xx_hal_i2c.d ./Drivers/STM32F1xx_HAL_Driver/stm32f1xx_hal_i2c.o ./Drivers/STM32F1xx_HAL_Driver/stm32f1xx_hal_pwr.d ./Drivers/STM32F1xx_HAL_Driver/stm32f1xx_hal_pwr.o ./Drivers/STM32F1xx_HAL_Driver/stm32f1xx_hal_rcc.d ./Drivers/STM32F1xx_HAL_Driver/stm32f1xx_hal_rcc.o ./Drivers/STM32F1xx_HAL_Driver/stm32f1xx_hal_rcc_ex.d ./Drivers/STM32F1xx_HAL_Driver/stm32f1xx_hal_rcc_ex.o ./Drivers/STM32F1xx_HAL_Driver/stm32f1xx_hal_tim.d ./Drivers/STM32F1xx_HAL_Driver/stm32f1xx_hal_tim.o ./Drivers/STM32F1xx_HAL_Driver/stm32f1xx_hal_tim_ex.d ./Drivers/STM32F1xx_HAL_Driver/stm32f1xx_hal_tim_ex.o ./Drivers/STM32F1xx_HAL_Driver/stm32f1xx_hal_uart.d ./Drivers/STM32F1xx_HAL_Driver/stm32f1xx_hal_uart.o
rm -rf ./Drivers/CMSIS/system_stm32f1xx.d ./Drivers/CMSIS/system_stm32f1xx.o
rm -rf ./Application/User/Startup/startup_stm32f103rbtx.d ./Application/User/Startup/startup_stm32f103rbtx.o
rm -rf ./Application/User/Core/at24xx.d ./Application/User/Core/at24xx.o ./Application/User/Core/bme280.d ./Application/User/Core/bme280.o ./Application/User/Core/ds3231.d ./Application/User/Core/ds3231.o ./Application/User/Core/hx8357.d ./Application/User/Core/hx8357.o ./Application/User/Core/main.d ./Application/User/Core/main.o ./Application/User/Core/stm32f1xx_hal_msp.d ./Application/User/Core/stm32f1xx_hal_msp.o ./Application/User/Core/stm32f1xx_it.d ./Application/User/Core/stm32f1xx_it.o ./Application/User/Core/syscalls.d ./Application/User/Core/syscalls.o ./Application/User/Core/sysmem.d ./Application/User/Core/sysmem.o
rm -rf STATION_F103RB_HX8357.bin STATION_F103RB_HX8357.elf STATION_F103RB_HX8357.hex STATION_F103RB_HX8357.list default.size.stdout
 
23:33:07 **** Incremental Build of configuration Release for project STATION_F103RB_HX8357 ****
make -j6 all 
arm-none-eabi-gcc "E:/GitHub/STATION_F103RB_HX8357/Drivers/STM32F1xx_HAL_Driver/Src/stm32f1xx_hal.c" -mcpu=cortex-m3 -std=gnu11 -g -DUSE_HAL_DRIVER -DSTM32F103xB -c -I../../Core/Inc -I../../Drivers/STM32F1xx_HAL_Driver/Inc -I../../Drivers/CMSIS/Device/ST/STM32F1xx/Include -I../../Drivers/CMSIS/Include -I../../Drivers/STM32F1xx_HAL_Driver/Inc/Legacy -O3 -ffunction-sections -fdata-sections -Wall -fstack-usage -MMD -MP -MF"Drivers/STM32F1xx_HAL_Driver/stm32f1xx_hal.d" -MT"Drivers/STM32F1xx_HAL_Driver/stm32f1xx_hal.o" --specs=nano.specs -mfloat-abi=soft -mthumb -o "Drivers/STM32F1xx_HAL_Driver/stm32f1xx_hal.o"
arm-none-eabi-gcc "E:/GitHub/STATION_F103RB_HX8357/Drivers/STM32F1xx_HAL_Driver/Src/stm32f1xx_hal_cortex.c" -mcpu=cortex-m3 -std=gnu11 -g -DUSE_HAL_DRIVER -DSTM32F103xB -c -I../../Core/Inc -I../../Drivers/STM32F1xx_HAL_Driver/Inc -I../../Drivers/CMSIS/Device/ST/STM32F1xx/Include -I../../Drivers/CMSIS/Include -I../../Drivers/STM32F1xx_HAL_Driver/Inc/Legacy -O3 -ffunction-sections -fdata-sections -Wall -fstack-usage -MMD -MP -MF"Drivers/STM32F1xx_HAL_Driver/stm32f1xx_hal_cortex.d" -MT"Drivers/STM32F1xx_HAL_Driver/stm32f1xx_hal_cortex.o" --specs=nano.specs -mfloat-abi=soft -mthumb -o "Drivers/STM32F1xx_HAL_Driver/stm32f1xx_hal_cortex.o"
arm-none-eabi-gcc "E:/GitHub/STATION_F103RB_HX8357/Drivers/STM32F1xx_HAL_Driver/Src/stm32f1xx_hal_dma.c" -mcpu=cortex-m3 -std=gnu11 -g -DUSE_HAL_DRIVER -DSTM32F103xB -c -I../../Core/Inc -I../../Drivers/STM32F1xx_HAL_Driver/Inc -I../../Drivers/CMSIS/Device/ST/STM32F1xx/Include -I../../Drivers/CMSIS/Include -I../../Drivers/STM32F1xx_HAL_Driver/Inc/Legacy -O3 -ffunction-sections -fdata-sections -Wall -fstack-usage -MMD -MP -MF"Drivers/STM32F1xx_HAL_Driver/stm32f1xx_hal_dma.d" -MT"Drivers/STM32F1xx_HAL_Driver/stm32f1xx_hal_dma.o" --specs=nano.specs -mfloat-abi=soft -mthumb -o "Drivers/STM32F1xx_HAL_Driver/stm32f1xx_hal_dma.o"
arm-none-eabi-gcc "E:/GitHub/STATION_F103RB_HX8357/Drivers/STM32F1xx_HAL_Driver/Src/stm32f1xx_hal_exti.c" -mcpu=cortex-m3 -std=gnu11 -g -DUSE_HAL_DRIVER -DSTM32F103xB -c -I../../Core/Inc -I../../Drivers/STM32F1xx_HAL_Driver/Inc -I../../Drivers/CMSIS/Device/ST/STM32F1xx/Include -I../../Drivers/CMSIS/Include -I../../Drivers/STM32F1xx_HAL_Driver/Inc/Legacy -O3 -ffunction-sections -fdata-sections -Wall -fstack-usage -MMD -MP -MF"Drivers/STM32F1xx_HAL_Driver/stm32f1xx_hal_exti.d" -MT"Drivers/STM32F1xx_HAL_Driver/stm32f1xx_hal_exti.o" --specs=nano.specs -mfloat-abi=soft -mthumb -o "Drivers/STM32F1xx_HAL_Driver/stm32f1xx_hal_exti.o"
arm-none-eabi-gcc "E:/GitHub/STATION_F103RB_HX8357/Drivers/STM32F1xx_HAL_Driver/Src/stm32f1xx_hal_flash.c" -mcpu=cortex-m3 -std=gnu11 -g -DUSE_HAL_DRIVER -DSTM32F103xB -c -I../../Core/Inc -I../../Drivers/STM32F1xx_HAL_Driver/Inc -I../../Drivers/CMSIS/Device/ST/STM32F1xx/Include -I../../Drivers/CMSIS/Include -I../../Drivers/STM32F1xx_HAL_Driver/Inc/Legacy -O3 -ffunction-sections -fdata-sections -Wall -fstack-usage -MMD -MP -MF"Drivers/STM32F1xx_HAL_Driver/stm32f1xx_hal_flash.d" -MT"Drivers/STM32F1xx_HAL_Driver/stm32f1xx_hal_flash.o" --specs=nano.specs -mfloat-abi=soft -mthumb -o "Drivers/STM32F1xx_HAL_Driver/stm32f1xx_hal_flash.o"
arm-none-eabi-gcc "E:/GitHub/STATION_F103RB_HX8357/Drivers/STM32F1xx_HAL_Driver/Src/stm32f1xx_hal_flash_ex.c" -mcpu=cortex-m3 -std=gnu11 -g -DUSE_HAL_DRIVER -DSTM32F103xB -c -I../../Core/Inc -I../../Drivers/STM32F1xx_HAL_Driver/Inc -I../../Drivers/CMSIS/Device/ST/STM32F1xx/Include -I../../Drivers/CMSIS/Include -I../../Drivers/STM32F1xx_HAL_Driver/Inc/Legacy -O3 -ffunction-sections -fdata-sections -Wall -fstack-usage -MMD -MP -MF"Drivers/STM32F1xx_HAL_Driver/stm32f1xx_hal_flash_ex.d" -MT"Drivers/STM32F1xx_HAL_Driver/stm32f1xx_hal_flash_ex.o" --specs=nano.specs -mfloat-abi=soft -mthumb -o "Drivers/STM32F1xx_HAL_Driver/stm32f1xx_hal_flash_ex.o"
arm-none-eabi-gcc "E:/GitHub/STATION_F103RB_HX8357/Drivers/STM32F1xx_HAL_Driver/Src/stm32f1xx_hal_gpio.c" -mcpu=cortex-m3 -std=gnu11 -g -DUSE_HAL_DRIVER -DSTM32F103xB -c -I../../Core/Inc -I../../Drivers/STM32F1xx_HAL_Driver/Inc -I../../Drivers/CMSIS/Device/ST/STM32F1xx/Include -I../../Drivers/CMSIS/Include -I../../Drivers/STM32F1xx_HAL_Driver/Inc/Legacy -O3 -ffunction-sections -fdata-sections -Wall -fstack-usage -MMD -MP -MF"Drivers/STM32F1xx_HAL_Driver/stm32f1xx_hal_gpio.d" -MT"Drivers/STM32F1xx_HAL_Driver/stm32f1xx_hal_gpio.o" --specs=nano.specs -mfloat-abi=soft -mthumb -o "Drivers/STM32F1xx_HAL_Driver/stm32f1xx_hal_gpio.o"
arm-none-eabi-gcc "E:/GitHub/STATION_F103RB_HX8357/Drivers/STM32F1xx_HAL_Driver/Src/stm32f1xx_hal_gpio_ex.c" -mcpu=cortex-m3 -std=gnu11 -g -DUSE_HAL_DRIVER -DSTM32F103xB -c -I../../Core/Inc -I../../Drivers/STM32F1xx_HAL_Driver/Inc -I../../Drivers/CMSIS/Device/ST/STM32F1xx/Include -I../../Drivers/CMSIS/Include -I../../Drivers/STM32F1xx_HAL_Driver/Inc/Legacy -O3 -ffunction-sections -fdata-sections -Wall -fstack-usage -MMD -MP -MF"Drivers/STM32F1xx_HAL_Driver/stm32f1xx_hal_gpio_ex.d" -MT"Drivers/STM32F1xx_HAL_Driver/stm32f1xx_hal_gpio_ex.o" --specs=nano.specs -mfloat-abi=soft -mthumb -o "Drivers/STM32F1xx_HAL_Driver/stm32f1xx_hal_gpio_ex.o"
arm-none-eabi-gcc "E:/GitHub/STATION_F103RB_HX8357/Drivers/STM32F1xx_HAL_Driver/Src/stm32f1xx_hal_i2c.c" -mcpu=cortex-m3 -std=gnu11 -g -DUSE_HAL_DRIVER -DSTM32F103xB -c -I../../Core/Inc -I../../Drivers/STM32F1xx_HAL_Driver/Inc -I../../Drivers/CMSIS/Device/ST/STM32F1xx/Include -I../../Drivers/CMSIS/Include -I../../Drivers/STM32F1xx_HAL_Driver/Inc/Legacy -O3 -ffunction-sections -fdata-sections -Wall -fstack-usage -MMD -MP -MF"Drivers/STM32F1xx_HAL_Driver/stm32f1xx_hal_i2c.d" -MT"Drivers/STM32F1xx_HAL_Driver/stm32f1xx_hal_i2c.o" --specs=nano.specs -mfloat-abi=soft -mthumb -o "Drivers/STM32F1xx_HAL_Driver/stm32f1xx_hal_i2c.o"
arm-none-eabi-gcc "E:/GitHub/STATION_F103RB_HX8357/Drivers/STM32F1xx_HAL_Driver/Src/stm32f1xx_hal_pwr.c" -mcpu=cortex-m3 -std=gnu11 -g -DUSE_HAL_DRIVER -DSTM32F103xB -c -I../../Core/Inc -I../../Drivers/STM32F1xx_HAL_Driver/Inc -I../../Drivers/CMSIS/Device/ST/STM32F1xx/Include -I../../Drivers/CMSIS/Include -I../../Drivers/STM32F1xx_HAL_Driver/Inc/Legacy -O3 -ffunction-sections -fdata-sections -Wall -fstack-usage -MMD -MP -MF"Drivers/STM32F1xx_HAL_Driver/stm32f1xx_hal_pwr.d" -MT"Drivers/STM32F1xx_HAL_Driver/stm32f1xx_hal_pwr.o" --specs=nano.specs -mfloat-abi=soft -mthumb -o "Drivers/STM32F1xx_HAL_Driver/stm32f1xx_hal_pwr.o"
arm-none-eabi-gcc "E:/GitHub/STATION_F103RB_HX8357/Drivers/STM32F1xx_HAL_Driver/Src/stm32f1xx_hal_rcc.c" -mcpu=cortex-m3 -std=gnu11 -g -DUSE_HAL_DRIVER -DSTM32F103xB -c -I../../Core/Inc -I../../Drivers/STM32F1xx_HAL_Driver/Inc -I../../Drivers/CMSIS/Device/ST/STM32F1xx/Include -I../../Drivers/CMSIS/Include -I../../Drivers/STM32F1xx_HAL_Driver/Inc/Legacy -O3 -ffunction-sections -fdata-sections -Wall -fstack-usage -MMD -MP -MF"Drivers/STM32F1xx_HAL_Driver/stm32f1xx_hal_rcc.d" -MT"Drivers/STM32F1xx_HAL_Driver/stm32f1xx_hal_rcc.o" --specs=nano.specs -mfloat-abi=soft -mthumb -o "Drivers/STM32F1xx_HAL_Driver/stm32f1xx_hal_rcc.o"
arm-none-eabi-gcc "E:/GitHub/STATION_F103RB_HX8357/Drivers/STM32F1xx_HAL_Driver/Src/stm32f1xx_hal_rcc_ex.c" -mcpu=cortex-m3 -std=gnu11 -g -DUSE_HAL_DRIVER -DSTM32F103xB -c -I../../Core/Inc -I../../Drivers/STM32F1xx_HAL_Driver/Inc -I../../Drivers/CMSIS/Device/ST/STM32F1xx/Include -I../../Drivers/CMSIS/Include -I../../Drivers/STM32F1xx_HAL_Driver/Inc/Legacy -O3 -ffunction-sections -fdata-sections -Wall -fstack-usage -MMD -MP -MF"Drivers/STM32F1xx_HAL_Driver/stm32f1xx_hal_rcc_ex.d" -MT"Drivers/STM32F1xx_HAL_Driver/stm32f1xx_hal_rcc_ex.o" --specs=nano.specs -mfloat-abi=soft -mthumb -o "Drivers/STM32F1xx_HAL_Driver/stm32f1xx_hal_rcc_ex.o"
arm-none-eabi-gcc "E:/GitHub/STATION_F103RB_HX8357/Drivers/STM32F1xx_HAL_Driver/Src/stm32f1xx_hal_tim.c" -mcpu=cortex-m3 -std=gnu11 -g -DUSE_HAL_DRIVER -DSTM32F103xB -c -I../../Core/Inc -I../../Drivers/STM32F1xx_HAL_Driver/Inc -I../../Drivers/CMSIS/Device/ST/STM32F1xx/Include -I../../Drivers/CMSIS/Include -I../../Drivers/STM32F1xx_HAL_Driver/Inc/Legacy -O3 -ffunction-sections -fdata-sections -Wall -fstack-usage -MMD -MP -MF"Drivers/STM32F1xx_HAL_Driver/stm32f1xx_hal_tim.d" -MT"Drivers/STM32F1xx_HAL_Driver/stm32f1xx_hal_tim.o" --specs=nano.specs -mfloat-abi=soft -mthumb -o "Drivers/STM32F1xx_HAL_Driver/stm32f1xx_hal_tim.o"
arm-none-eabi-gcc "E:/GitHub/STATION_F103RB_HX8357/Drivers/STM32F1xx_HAL_Driver/Src/stm32f1xx_hal_tim_ex.c" -mcpu=cortex-m3 -std=gnu11 -g -DUSE_HAL_DRIVER -DSTM32F103xB -c -I../../Core/Inc -I../../Drivers/STM32F1xx_HAL_Driver/Inc -I../../Drivers/CMSIS/Device/ST/STM32F1xx/Include -I../../Drivers/CMSIS/Include -I../../Drivers/STM32F1xx_HAL_Driver/Inc/Legacy -O3 -ffunction-sections -fdata-sections -Wall -fstack-usage -MMD -MP -MF"Drivers/STM32F1xx_HAL_Driver/stm32f1xx_hal_tim_ex.d" -MT"Drivers/STM32F1xx_HAL_Driver/stm32f1xx_hal_tim_ex.o" --specs=nano.specs -mfloat-abi=soft -mthumb -o "Drivers/STM32F1xx_HAL_Driver/stm32f1xx_hal_tim_ex.o"
arm-none-eabi-gcc "E:/GitHub/STATION_F103RB_HX8357/Drivers/STM32F1xx_HAL_Driver/Src/stm32f1xx_hal_uart.c" -mcpu=cortex-m3 -std=gnu11 -g -DUSE_HAL_DRIVER -DSTM32F103xB -c -I../../Core/Inc -I../../Drivers/STM32F1xx_HAL_Driver/Inc -I../../Drivers/CMSIS/Device/ST/STM32F1xx/Include -I../../Drivers/CMSIS/Include -I../../Drivers/STM32F1xx_HAL_Driver/Inc/Legacy -O3 -ffunction-sections -fdata-sections -Wall -fstack-usage -MMD -MP -MF"Drivers/STM32F1xx_HAL_Driver/stm32f1xx_hal_uart.d" -MT"Drivers/STM32F1xx_HAL_Driver/stm32f1xx_hal_uart.o" --specs=nano.specs -mfloat-abi=soft -mthumb -o "Drivers/STM32F1xx_HAL_Driver/stm32f1xx_hal_uart.o"
arm-none-eabi-gcc "E:/GitHub/STATION_F103RB_HX8357/Core/Src/system_stm32f1xx.c" -mcpu=cortex-m3 -std=gnu11 -g -DUSE_HAL_DRIVER -DSTM32F103xB -c -I../../Core/Inc -I../../Drivers/STM32F1xx_HAL_Driver/Inc -I../../Drivers/CMSIS/Device/ST/STM32F1xx/Include -I../../Drivers/CMSIS/Include -I../../Drivers/STM32F1xx_HAL_Driver/Inc/Legacy -O3 -ffunction-sections -fdata-sections -Wall -fstack-usage -MMD -MP -MF"Drivers/CMSIS/system_stm32f1xx.d" -MT"Drivers/CMSIS/system_stm32f1xx.o" --specs=nano.specs -mfloat-abi=soft -mthumb -o "Drivers/CMSIS/system_stm32f1xx.o"
arm-none-eabi-gcc -mcpu=cortex-m3 -g3 -c -x assembler-with-cpp -MMD -MP -MF"Application/User/Startup/startup_stm32f103rbtx.d" -MT"Application/User/Startup/startup_stm32f103rbtx.o" --specs=nano.specs -mfloat-abi=soft -mthumb -o "Application/User/Startup/startup_stm32f103rbtx.o" "../Application/User/Startup/startup_stm32f103rbtx.s"
arm-none-eabi-gcc "E:/GitHub/STATION_F103RB_HX8357/Core/Src/at24xx.c" -mcpu=cortex-m3 -std=gnu11 -g -DUSE_HAL_DRIVER -DSTM32F103xB -c -I../../Core/Inc -I../../Drivers/STM32F1xx_HAL_Driver/Inc -I../../Drivers/CMSIS/Device/ST/STM32F1xx/Include -I../../Drivers/CMSIS/Include -I../../Drivers/STM32F1xx_HAL_Driver/Inc/Legacy -O3 -ffunction-sections -fdata-sections -Wall -fstack-usage -MMD -MP -MF"Application/User/Core/at24xx.d" -MT"Application/User/Core/at24xx.o" --specs=nano.specs -mfloat-abi=soft -mthumb -o "Application/User/Core/at24xx.o"
arm-none-eabi-gcc "E:/GitHub/STATION_F103RB_HX8357/Core/Src/bme280.c" -mcpu=cortex-m3 -std=gnu11 -g -DUSE_HAL_DRIVER -DSTM32F103xB -c -I../../Core/Inc -I../../Drivers/STM32F1xx_HAL_Driver/Inc -I../../Drivers/CMSIS/Device/ST/STM32F1xx/Include -I../../Drivers/CMSIS/Include -I../../Drivers/STM32F1xx_HAL_Driver/Inc/Legacy -O3 -ffunction-sections -fdata-sections -Wall -fstack-usage -MMD -MP -MF"Application/User/Core/bme280.d" -MT"Application/User/Core/bme280.o" --specs=nano.specs -mfloat-abi=soft -mthumb -o "Application/User/Core/bme280.o"
arm-none-eabi-gcc "E:/GitHub/STATION_F103RB_HX8357/Core/Src/ds3231.c" -mcpu=cortex-m3 -std=gnu11 -g -DUSE_HAL_DRIVER -DSTM32F103xB -c -I../../Core/Inc -I../../Drivers/STM32F1xx_HAL_Driver/Inc -I../../Drivers/CMSIS/Device/ST/STM32F1xx/Include -I../../Drivers/CMSIS/Include -I../../Drivers/STM32F1xx_HAL_Driver/Inc/Legacy -O3 -ffunction-sections -fdata-sections -Wall -fstack-usage -MMD -MP -MF"Application/User/Core/ds3231.d" -MT"Application/User/Core/ds3231.o" --specs=nano.specs -mfloat-abi=soft -mthumb -o "Application/User/Core/ds3231.o"
arm-none-eabi-gcc "E:/GitHub/STATION_F103RB_HX8357/Core/Src/hx8357.c" -mcpu=cortex-m3 -std=gnu11 -g -DUSE_HAL_DRIVER -DSTM32F103xB -c -I../../Core/Inc -I../../Drivers/STM32F1xx_HAL_Driver/Inc -I../../Drivers/CMSIS/Device/ST/STM32F1xx/Include -I../../Drivers/CMSIS/Include -I../../Drivers/STM32F1xx_HAL_Driver/Inc/Legacy -O3 -ffunction-sections -fdata-sections -Wall -fstack-usage -MMD -MP -MF"Application/User/Core/hx8357.d" -MT"Application/User/Core/hx8357.o" --specs=nano.specs -mfloat-abi=soft -mthumb -o "Application/User/Core/hx8357.o"
arm-none-eabi-gcc "E:/GitHub/STATION_F103RB_HX8357/Core/Src/main.c" -mcpu=cortex-m3 -std=gnu11 -g -DUSE_HAL_DRIVER -DSTM32F103xB -c -I../../Core/Inc -I../../Drivers/STM32F1xx_HAL_Driver/Inc -I../../Drivers/CMSIS/Device/ST/STM32F1xx/Include -I../../Drivers/CMSIS/Include -I../../Drivers/STM32F1xx_HAL_Driver/Inc/Legacy -O3 -ffunction-sections -fdata-sections -Wall -fstack-usage -MMD -MP -MF"Application/User/Core/main.d" -MT"Application/User/Core/main.o" --specs=nano.specs -mfloat-abi=soft -mthumb -o "Application/User/Core/main.o"
arm-none-eabi-gcc "E:/GitHub/STATION_F103RB_HX8357/Core/Src/stm32f1xx_hal_msp.c" -mcpu=cortex-m3 -std=gnu11 -g -DUSE_HAL_DRIVER -DSTM32F103xB -c -I../../Core/Inc -I../../Drivers/STM32F1xx_HAL_Driver/Inc -I../../Drivers/CMSIS/Device/ST/STM32F1xx/Include -I../../Drivers/CMSIS/Include -I../../Drivers/STM32F1xx_HAL_Driver/Inc/Legacy -O3 -ffunction-sections -fdata-sections -Wall -fstack-usage -MMD -MP -MF"Application/User/Core/stm32f1xx_hal_msp.d" -MT"Application/User/Core/stm32f1xx_hal_msp.o" --specs=nano.specs -mfloat-abi=soft -mthumb -o "Application/User/Core/stm32f1xx_hal_msp.o"
arm-none-eabi-gcc "E:/GitHub/STATION_F103RB_HX8357/Core/Src/stm32f1xx_it.c" -mcpu=cortex-m3 -std=gnu11 -g -DUSE_HAL_DRIVER -DSTM32F103xB -c -I../../Core/Inc -I../../Drivers/STM32F1xx_HAL_Driver/Inc -I../../Drivers/CMSIS/Device/ST/STM32F1xx/Include -I../../Drivers/CMSIS/Include -I../../Drivers/STM32F1xx_HAL_Driver/Inc/Legacy -O3 -ffunction-sections -fdata-sections -Wall -fstack-usage -MMD -MP -MF"Application/User/Core/stm32f1xx_it.d" -MT"Application/User/Core/stm32f1xx_it.o" --specs=nano.specs -mfloat-abi=soft -mthumb -o "Application/User/Core/stm32f1xx_it.o"
arm-none-eabi-gcc "../Application/User/Core/syscalls.c" -mcpu=cortex-m3 -std=gnu11 -g -DUSE_HAL_DRIVER -DSTM32F103xB -c -I../../Core/Inc -I../../Drivers/STM32F1xx_HAL_Driver/Inc -I../../Drivers/CMSIS/Device/ST/STM32F1xx/Include -I../../Drivers/CMSIS/Include -I../../Drivers/STM32F1xx_HAL_Driver/Inc/Legacy -O3 -ffunction-sections -fdata-sections -Wall -fstack-usage -MMD -MP -MF"Application/User/Core/syscalls.d" -MT"Application/User/Core/syscalls.o" --specs=nano.specs -mfloat-abi=soft -mthumb -o "Application/User/Core/syscalls.o"
arm-none-eabi-gcc "../Application/User/Core/sysmem.c" -mcpu=cortex-m3 -std=gnu11 -g -DUSE_HAL_DRIVER -DSTM32F103xB -c -I../../Core/Inc -I../../Drivers/STM32F1xx_HAL_Driver/Inc -I../../Drivers/CMSIS/Device/ST/STM32F1xx/Include -I../../Drivers/CMSIS/Include -I../../Drivers/STM32F1xx_HAL_Driver/Inc/Legacy -O3 -ffunction-sections -fdata-sections -Wall -fstack-usage -MMD -MP -MF"Application/User/Core/sysmem.d" -MT"Application/User/Core/sysmem.o" --specs=nano.specs -mfloat-abi=soft -mthumb -o "Application/User/Core/sysmem.o"
arm-none-eabi-gcc -o "STATION_F103RB_HX8357.elf" @"objects.list"   -mcpu=cortex-m3 -T"E:\GitHub\STATION_F103RB_HX8357\STM32CubeIDE\STM32F103RBTX_FLASH.ld" -Wl,-Map="STATION_F103RB_HX8357.map" -Wl,--gc-sections -static --specs=nano.specs -mfloat-abi=soft -mthumb -u _printf_float -u _scanf_float -Wl,--start-group -lc -lm -Wl,--end-group
Finished building target: STATION_F103RB_HX8357.elf
 
arm-none-eabi-size   STATION_F103RB_HX8357.elf 
arm-none-eabi-objdump -h -S  STATION_F103RB_HX8357.elf  > "STATION_F103RB_HX8357.list"
arm-none-eabi-objcopy  -O ihex  STATION_F103RB_HX8357.elf  "STATION_F103RB_HX8357.hex"
arm-none-eabi-objcopy  -O binary  STATION_F103RB_HX8357.elf  "STATION_F103RB_HX8357.bin"
   text	   data	    bss	    dec	    hex	filename
 122896	    492	   3488	 126876	  1ef9c	STATION_F103RB_HX8357.elf
Finished building: default.size.stdout
 
Finished building: STATION_F103RB_HX8357.bin
Finished building: STATION_F103RB_HX8357.hex
 
 
Finished building: STATION_F103RB_HX8357.list
 
23:33:17 **** Clean-only build of configuration Debug for project STATION_F103RB_HX8357 ****
make -j6 clean 
rm -rf ./Drivers/STM32F1xx_HAL_Driver/stm32f1xx_hal.d ./Drivers/STM32F1xx_HAL_Driver/stm32f1xx_hal.o ./Drivers/STM32F1xx_HAL_Driver/stm32f1xx_hal_cortex.d ./Drivers/STM32F1xx_HAL_Driver/stm32f1xx_hal_cortex.o ./Drivers/STM32F1xx_HAL_Driver/stm32f1xx_hal_dma.d ./Drivers/STM32F1xx_HAL_Driver/stm32f1xx_hal_dma.o ./Drivers/STM32F1xx_HAL_Driver/stm32f1xx_hal_exti.d ./Drivers/STM32F1xx_HAL_Driver/stm32f1xx_hal_exti.o ./Drivers/STM32F1xx_HAL_Driver/stm32f1xx_hal_flash.d ./Drivers/STM32F1xx_HAL_Driver/stm32f1xx_hal_flash.o ./Drivers/STM32F1xx_HAL_Driver/stm32f1xx_hal_flash_ex.d ./Drivers/STM32F1xx_HAL_Driver/stm32f1xx_hal_flash_ex.o ./Drivers/STM32F1xx_HAL_Driver/stm32f1xx_hal_gpio.d ./Drivers/STM32F1xx_HAL_Driver/stm32f1xx_hal_gpio.o ./Drivers/STM32F1xx_HAL_Driver/stm32f1xx_hal_gpio_ex.d ./Drivers/STM32F1xx_HAL_Driver/stm32f1xx_hal_gpio_ex.o ./Drivers/STM32F1xx_HAL_Driver/stm32f1xx_hal_i2c.d ./Drivers/STM32F1xx_HAL_Driver/stm32f1xx_hal_i2c.o ./Drivers/STM32F1xx_HAL_Driver/stm32f1xx_hal_pwr.d ./Drivers/STM32F1xx_HAL_Driver/stm32f1xx_hal_pwr.o ./Drivers/STM32F1xx_HAL_Driver/stm32f1xx_hal_rcc.d ./Drivers/STM32F1xx_HAL_Driver/stm32f1xx_hal_rcc.o ./Drivers/STM32F1xx_HAL_Driver/stm32f1xx_hal_rcc_ex.d ./Drivers/STM32F1xx_HAL_Driver/stm32f1xx_hal_rcc_ex.o ./Drivers/STM32F1xx_HAL_Driver/stm32f1xx_hal_tim.d ./Drivers/STM32F1xx_HAL_Driver/stm32f1xx_hal_tim.o ./Drivers/STM32F1xx_HAL_Driver/stm32f1xx_hal_tim_ex.d ./Drivers/STM32F1xx_HAL_Driver/stm32f1xx_hal_tim_ex.o ./Drivers/STM32F1xx_HAL_Driver/stm32f1xx_hal_uart.d ./Drivers/STM32F1xx_HAL_Driver/stm32f1xx_hal_uart.o
rm -rf ./Drivers/CMSIS/system_stm32f1xx.d ./Drivers/CMSIS/system_stm32f1xx.o
rm -rf ./Application/User/Startup/startup_stm32f103rbtx.d ./Application/User/Startup/startup_stm32f103rbtx.o
rm -rf ./Application/User/Core/at24xx.d ./Application/User/Core/at24xx.o ./Application/User/Core/bme280.d ./Application/User/Core/bme280.o ./Application/User/Core/ds3231.d ./Application/User/Core/ds3231.o ./Application/User/Core/hx8357.d ./Application/User/Core/hx8357.o ./Application/User/Core/main.d ./Application/User/Core/main.o ./Application/User/Core/stm32f1xx_hal_msp.d ./Application/User/Core/stm32f1xx_hal_msp.o ./Application/User/Core/stm32f1xx_it.d ./Application/User/Core/stm32f1xx_it.o ./Application/User/Core/syscalls.d ./Application/User/Core/syscalls.o ./Application/User/Core/sysmem.d ./Application/User/Core/sysmem.o
rm -rf STATION_F103RB_HX8357.bin STATION_F103RB_HX8357.elf STATION_F103RB_HX8357.hex STATION_F103RB_HX8357.list default.size.stdout
rm: can't remove 'STATION_F103RB_HX8357.elf': Permission denied
make: [makefile:94: clean] Error 1 (ignored)
 
23:33:17 **** Incremental Build of configuration Debug for project STATION_F103RB_HX8357 ****
make -j6 all 
arm-none-eabi-gcc "E:/GitHub/STATION_F103RB_HX8357/Drivers/STM32F1xx_HAL_Driver/Src/stm32f1xx_hal.c" -mcpu=cortex-m3 -std=gnu11 -g3 -DDEBUG -DUSE_HAL_DRIVER -DSTM32F103xB -c -I../../Core/Inc -I../../Drivers/STM32F1xx_HAL_Driver/Inc -I../../Drivers/STM32F1xx_HAL_Driver/Inc/Legacy -I../../Drivers/CMSIS/Device/ST/STM32F1xx/Include -I../../Drivers/CMSIS/Include -Ofast -ffunction-sections -fdata-sections -Wall -flto -fstack-usage -MMD -MP -MF"Drivers/STM32F1xx_HAL_Driver/stm32f1xx_hal.d" -MT"Drivers/STM32F1xx_HAL_Driver/stm32f1xx_hal.o" --specs=nano.specs -mfloat-abi=soft -mthumb -o "Drivers/STM32F1xx_HAL_Driver/stm32f1xx_hal.o"
arm-none-eabi-gcc "E:/GitHub/STATION_F103RB_HX8357/Drivers/STM32F1xx_HAL_Driver/Src/stm32f1xx_hal_cortex.c" -mcpu=cortex-m3 -std=gnu11 -g3 -DDEBUG -DUSE_HAL_DRIVER -DSTM32F103xB -c -I../../Core/Inc -I../../Drivers/STM32F1xx_HAL_Driver/Inc -I../../Drivers/STM32F1xx_HAL_Driver/Inc/Legacy -I../../Drivers/CMSIS/Device/ST/STM32F1xx/Include -I../../Drivers/CMSIS/Include -Ofast -ffunction-sections -fdata-sections -Wall -flto -fstack-usage -MMD -MP -MF"Drivers/STM32F1xx_HAL_Driver/stm32f1xx_hal_cortex.d" -MT"Drivers/STM32F1xx_HAL_Driver/stm32f1xx_hal_cortex.o" --specs=nano.specs -mfloat-abi=soft -mthumb -o "Drivers/STM32F1xx_HAL_Driver/stm32f1xx_hal_cortex.o"
arm-none-eabi-gcc "E:/GitHub/STATION_F103RB_HX8357/Drivers/STM32F1xx_HAL_Driver/Src/stm32f1xx_hal_dma.c" -mcpu=cortex-m3 -std=gnu11 -g3 -DDEBUG -DUSE_HAL_DRIVER -DSTM32F103xB -c -I../../Core/Inc -I../../Drivers/STM32F1xx_HAL_Driver/Inc -I../../Drivers/STM32F1xx_HAL_Driver/Inc/Legacy -I../../Drivers/CMSIS/Device/ST/STM32F1xx/Include -I../../Drivers/CMSIS/Include -Ofast -ffunction-sections -fdata-sections -Wall -flto -fstack-usage -MMD -MP -MF"Drivers/STM32F1xx_HAL_Driver/stm32f1xx_hal_dma.d" -MT"Drivers/STM32F1xx_HAL_Driver/stm32f1xx_hal_dma.o" --specs=nano.specs -mfloat-abi=soft -mthumb -o "Drivers/STM32F1xx_HAL_Driver/stm32f1xx_hal_dma.o"
arm-none-eabi-gcc "E:/GitHub/STATION_F103RB_HX8357/Drivers/STM32F1xx_HAL_Driver/Src/stm32f1xx_hal_exti.c" -mcpu=cortex-m3 -std=gnu11 -g3 -DDEBUG -DUSE_HAL_DRIVER -DSTM32F103xB -c -I../../Core/Inc -I../../Drivers/STM32F1xx_HAL_Driver/Inc -I../../Drivers/STM32F1xx_HAL_Driver/Inc/Legacy -I../../Drivers/CMSIS/Device/ST/STM32F1xx/Include -I../../Drivers/CMSIS/Include -Ofast -ffunction-sections -fdata-sections -Wall -flto -fstack-usage -MMD -MP -MF"Drivers/STM32F1xx_HAL_Driver/stm32f1xx_hal_exti.d" -MT"Drivers/STM32F1xx_HAL_Driver/stm32f1xx_hal_exti.o" --specs=nano.specs -mfloat-abi=soft -mthumb -o "Drivers/STM32F1xx_HAL_Driver/stm32f1xx_hal_exti.o"
arm-none-eabi-gcc "E:/GitHub/STATION_F103RB_HX8357/Drivers/STM32F1xx_HAL_Driver/Src/stm32f1xx_hal_flash.c" -mcpu=cortex-m3 -std=gnu11 -g3 -DDEBUG -DUSE_HAL_DRIVER -DSTM32F103xB -c -I../../Core/Inc -I../../Drivers/STM32F1xx_HAL_Driver/Inc -I../../Drivers/STM32F1xx_HAL_Driver/Inc/Legacy -I../../Drivers/CMSIS/Device/ST/STM32F1xx/Include -I../../Drivers/CMSIS/Include -Ofast -ffunction-sections -fdata-sections -Wall -flto -fstack-usage -MMD -MP -MF"Drivers/STM32F1xx_HAL_Driver/stm32f1xx_hal_flash.d" -MT"Drivers/STM32F1xx_HAL_Driver/stm32f1xx_hal_flash.o" --specs=nano.specs -mfloat-abi=soft -mthumb -o "Drivers/STM32F1xx_HAL_Driver/stm32f1xx_hal_flash.o"
arm-none-eabi-gcc "E:/GitHub/STATION_F103RB_HX8357/Drivers/STM32F1xx_HAL_Driver/Src/stm32f1xx_hal_flash_ex.c" -mcpu=cortex-m3 -std=gnu11 -g3 -DDEBUG -DUSE_HAL_DRIVER -DSTM32F103xB -c -I../../Core/Inc -I../../Drivers/STM32F1xx_HAL_Driver/Inc -I../../Drivers/STM32F1xx_HAL_Driver/Inc/Legacy -I../../Drivers/CMSIS/Device/ST/STM32F1xx/Include -I../../Drivers/CMSIS/Include -Ofast -ffunction-sections -fdata-sections -Wall -flto -fstack-usage -MMD -MP -MF"Drivers/STM32F1xx_HAL_Driver/stm32f1xx_hal_flash_ex.d" -MT"Drivers/STM32F1xx_HAL_Driver/stm32f1xx_hal_flash_ex.o" --specs=nano.specs -mfloat-abi=soft -mthumb -o "Drivers/STM32F1xx_HAL_Driver/stm32f1xx_hal_flash_ex.o"
arm-none-eabi-gcc "E:/GitHub/STATION_F103RB_HX8357/Drivers/STM32F1xx_HAL_Driver/Src/stm32f1xx_hal_gpio.c" -mcpu=cortex-m3 -std=gnu11 -g3 -DDEBUG -DUSE_HAL_DRIVER -DSTM32F103xB -c -I../../Core/Inc -I../../Drivers/STM32F1xx_HAL_Driver/Inc -I../../Drivers/STM32F1xx_HAL_Driver/Inc/Legacy -I../../Drivers/CMSIS/Device/ST/STM32F1xx/Include -I../../Drivers/CMSIS/Include -Ofast -ffunction-sections -fdata-sections -Wall -flto -fstack-usage -MMD -MP -MF"Drivers/STM32F1xx_HAL_Driver/stm32f1xx_hal_gpio.d" -MT"Drivers/STM32F1xx_HAL_Driver/stm32f1xx_hal_gpio.o" --specs=nano.specs -mfloat-abi=soft -mthumb -o "Drivers/STM32F1xx_HAL_Driver/stm32f1xx_hal_gpio.o"
arm-none-eabi-gcc "E:/GitHub/STATION_F103RB_HX8357/Drivers/STM32F1xx_HAL_Driver/Src/stm32f1xx_hal_gpio_ex.c" -mcpu=cortex-m3 -std=gnu11 -g3 -DDEBUG -DUSE_HAL_DRIVER -DSTM32F103xB -c -I../../Core/Inc -I../../Drivers/STM32F1xx_HAL_Driver/Inc -I../../Drivers/STM32F1xx_HAL_Driver/Inc/Legacy -I../../Drivers/CMSIS/Device/ST/STM32F1xx/Include -I../../Drivers/CMSIS/Include -Ofast -ffunction-sections -fdata-sections -Wall -flto -fstack-usage -MMD -MP -MF"Drivers/STM32F1xx_HAL_Driver/stm32f1xx_hal_gpio_ex.d" -MT"Drivers/STM32F1xx_HAL_Driver/stm32f1xx_hal_gpio_ex.o" --specs=nano.specs -mfloat-abi=soft -mthumb -o "Drivers/STM32F1xx_HAL_Driver/stm32f1xx_hal_gpio_ex.o"
arm-none-eabi-gcc "E:/GitHub/STATION_F103RB_HX8357/Drivers/STM32F1xx_HAL_Driver/Src/stm32f1xx_hal_i2c.c" -mcpu=cortex-m3 -std=gnu11 -g3 -DDEBUG -DUSE_HAL_DRIVER -DSTM32F103xB -c -I../../Core/Inc -I../../Drivers/STM32F1xx_HAL_Driver/Inc -I../../Drivers/STM32F1xx_HAL_Driver/Inc/Legacy -I../../Drivers/CMSIS/Device/ST/STM32F1xx/Include -I../../Drivers/CMSIS/Include -Ofast -ffunction-sections -fdata-sections -Wall -flto -fstack-usage -MMD -MP -MF"Drivers/STM32F1xx_HAL_Driver/stm32f1xx_hal_i2c.d" -MT"Drivers/STM32F1xx_HAL_Driver/stm32f1xx_hal_i2c.o" --specs=nano.specs -mfloat-abi=soft -mthumb -o "Drivers/STM32F1xx_HAL_Driver/stm32f1xx_hal_i2c.o"
arm-none-eabi-gcc "E:/GitHub/STATION_F103RB_HX8357/Drivers/STM32F1xx_HAL_Driver/Src/stm32f1xx_hal_pwr.c" -mcpu=cortex-m3 -std=gnu11 -g3 -DDEBUG -DUSE_HAL_DRIVER -DSTM32F103xB -c -I../../Core/Inc -I../../Drivers/STM32F1xx_HAL_Driver/Inc -I../../Drivers/STM32F1xx_HAL_Driver/Inc/Legacy -I../../Drivers/CMSIS/Device/ST/STM32F1xx/Include -I../../Drivers/CMSIS/Include -Ofast -ffunction-sections -fdata-sections -Wall -flto -fstack-usage -MMD -MP -MF"Drivers/STM32F1xx_HAL_Driver/stm32f1xx_hal_pwr.d" -MT"Drivers/STM32F1xx_HAL_Driver/stm32f1xx_hal_pwr.o" --specs=nano.specs -mfloat-abi=soft -mthumb -o "Drivers/STM32F1xx_HAL_Driver/stm32f1xx_hal_pwr.o"
arm-none-eabi-gcc "E:/GitHub/STATION_F103RB_HX8357/Drivers/STM32F1xx_HAL_Driver/Src/stm32f1xx_hal_rcc.c" -mcpu=cortex-m3 -std=gnu11 -g3 -DDEBUG -DUSE_HAL_DRIVER -DSTM32F103xB -c -I../../Core/Inc -I../../Drivers/STM32F1xx_HAL_Driver/Inc -I../../Drivers/STM32F1xx_HAL_Driver/Inc/Legacy -I../../Drivers/CMSIS/Device/ST/STM32F1xx/Include -I../../Drivers/CMSIS/Include -Ofast -ffunction-sections -fdata-sections -Wall -flto -fstack-usage -MMD -MP -MF"Drivers/STM32F1xx_HAL_Driver/stm32f1xx_hal_rcc.d" -MT"Drivers/STM32F1xx_HAL_Driver/stm32f1xx_hal_rcc.o" --specs=nano.specs -mfloat-abi=soft -mthumb -o "Drivers/STM32F1xx_HAL_Driver/stm32f1xx_hal_rcc.o"
arm-none-eabi-gcc "E:/GitHub/STATION_F103RB_HX8357/Drivers/STM32F1xx_HAL_Driver/Src/stm32f1xx_hal_rcc_ex.c" -mcpu=cortex-m3 -std=gnu11 -g3 -DDEBUG -DUSE_HAL_DRIVER -DSTM32F103xB -c -I../../Core/Inc -I../../Drivers/STM32F1xx_HAL_Driver/Inc -I../../Drivers/STM32F1xx_HAL_Driver/Inc/Legacy -I../../Drivers/CMSIS/Device/ST/STM32F1xx/Include -I../../Drivers/CMSIS/Include -Ofast -ffunction-sections -fdata-sections -Wall -flto -fstack-usage -MMD -MP -MF"Drivers/STM32F1xx_HAL_Driver/stm32f1xx_hal_rcc_ex.d" -MT"Drivers/STM32F1xx_HAL_Driver/stm32f1xx_hal_rcc_ex.o" --specs=nano.specs -mfloat-abi=soft -mthumb -o "Drivers/STM32F1xx_HAL_Driver/stm32f1xx_hal_rcc_ex.o"
arm-none-eabi-gcc "E:/GitHub/STATION_F103RB_HX8357/Drivers/STM32F1xx_HAL_Driver/Src/stm32f1xx_hal_tim.c" -mcpu=cortex-m3 -std=gnu11 -g3 -DDEBUG -DUSE_HAL_DRIVER -DSTM32F103xB -c -I../../Core/Inc -I../../Drivers/STM32F1xx_HAL_Driver/Inc -I../../Drivers/STM32F1xx_HAL_Driver/Inc/Legacy -I../../Drivers/CMSIS/Device/ST/STM32F1xx/Include -I../../Drivers/CMSIS/Include -Ofast -ffunction-sections -fdata-sections -Wall -flto -fstack-usage -MMD -MP -MF"Drivers/STM32F1xx_HAL_Driver/stm32f1xx_hal_tim.d" -MT"Drivers/STM32F1xx_HAL_Driver/stm32f1xx_hal_tim.o" --specs=nano.specs -mfloat-abi=soft -mthumb -o "Drivers/STM32F1xx_HAL_Driver/stm32f1xx_hal_tim.o"
arm-none-eabi-gcc "E:/GitHub/STATION_F103RB_HX8357/Drivers/STM32F1xx_HAL_Driver/Src/stm32f1xx_hal_tim_ex.c" -mcpu=cortex-m3 -std=gnu11 -g3 -DDEBUG -DUSE_HAL_DRIVER -DSTM32F103xB -c -I../../Core/Inc -I../../Drivers/STM32F1xx_HAL_Driver/Inc -I../../Drivers/STM32F1xx_HAL_Driver/Inc/Legacy -I../../Drivers/CMSIS/Device/ST/STM32F1xx/Include -I../../Drivers/CMSIS/Include -Ofast -ffunction-sections -fdata-sections -Wall -flto -fstack-usage -MMD -MP -MF"Drivers/STM32F1xx_HAL_Driver/stm32f1xx_hal_tim_ex.d" -MT"Drivers/STM32F1xx_HAL_Driver/stm32f1xx_hal_tim_ex.o" --specs=nano.specs -mfloat-abi=soft -mthumb -o "Drivers/STM32F1xx_HAL_Driver/stm32f1xx_hal_tim_ex.o"
arm-none-eabi-gcc "E:/GitHub/STATION_F103RB_HX8357/Drivers/STM32F1xx_HAL_Driver/Src/stm32f1xx_hal_uart.c" -mcpu=cortex-m3 -std=gnu11 -g3 -DDEBUG -DUSE_HAL_DRIVER -DSTM32F103xB -c -I../../Core/Inc -I../../Drivers/STM32F1xx_HAL_Driver/Inc -I../../Drivers/STM32F1xx_HAL_Driver/Inc/Legacy -I../../Drivers/CMSIS/Device/ST/STM32F1xx/Include -I../../Drivers/CMSIS/Include -Ofast -ffunction-sections -fdata-sections -Wall -flto -fstack-usage -MMD -MP -MF"Drivers/STM32F1xx_HAL_Driver/stm32f1xx_hal_uart.d" -MT"Drivers/STM32F1xx_HAL_Driver/stm32f1xx_hal_uart.o" --specs=nano.specs -mfloat-abi=soft -mthumb -o "Drivers/STM32F1xx_HAL_Driver/stm32f1xx_hal_uart.o"
arm-none-eabi-gcc "E:/GitHub/STATION_F103RB_HX8357/Core/Src/system_stm32f1xx.c" -mcpu=cortex-m3 -std=gnu11 -g3 -DDEBUG -DUSE_HAL_DRIVER -DSTM32F103xB -c -I../../Core/Inc -I../../Drivers/STM32F1xx_HAL_Driver/Inc -I../../Drivers/STM32F1xx_HAL_Driver/Inc/Legacy -I../../Drivers/CMSIS/Device/ST/STM32F1xx/Include -I../../Drivers/CMSIS/Include -Ofast -ffunction-sections -fdata-sections -Wall -flto -fstack-usage -MMD -MP -MF"Drivers/CMSIS/system_stm32f1xx.d" -MT"Drivers/CMSIS/system_stm32f1xx.o" --specs=nano.specs -mfloat-abi=soft -mthumb -o "Drivers/CMSIS/system_stm32f1xx.o"
arm-none-eabi-gcc -mcpu=cortex-m3 -g3 -DDEBUG -c -x assembler-with-cpp -MMD -MP -MF"Application/User/Startup/startup_stm32f103rbtx.d" -MT"Application/User/Startup/startup_stm32f103rbtx.o" --specs=nano.specs -mfloat-abi=soft -mthumb -o "Application/User/Startup/startup_stm32f103rbtx.o" "../Application/User/Startup/startup_stm32f103rbtx.s"
arm-none-eabi-gcc "E:/GitHub/STATION_F103RB_HX8357/Core/Src/at24xx.c" -mcpu=cortex-m3 -std=gnu11 -g3 -DDEBUG -DUSE_HAL_DRIVER -DSTM32F103xB -c -I../../Core/Inc -I../../Drivers/STM32F1xx_HAL_Driver/Inc -I../../Drivers/STM32F1xx_HAL_Driver/Inc/Legacy -I../../Drivers/CMSIS/Device/ST/STM32F1xx/Include -I../../Drivers/CMSIS/Include -Ofast -ffunction-sections -fdata-sections -Wall -flto -fstack-usage -MMD -MP -MF"Application/User/Core/at24xx.d" -MT"Application/User/Core/at24xx.o" --specs=nano.specs -mfloat-abi=soft -mthumb -o "Application/User/Core/at24xx.o"
arm-none-eabi-gcc "E:/GitHub/STATION_F103RB_HX8357/Core/Src/bme280.c" -mcpu=cortex-m3 -std=gnu11 -g3 -DDEBUG -DUSE_HAL_DRIVER -DSTM32F103xB -c -I../../Core/Inc -I../../Drivers/STM32F1xx_HAL_Driver/Inc -I../../Drivers/STM32F1xx_HAL_Driver/Inc/Legacy -I../../Drivers/CMSIS/Device/ST/STM32F1xx/Include -I../../Drivers/CMSIS/Include -Ofast -ffunction-sections -fdata-sections -Wall -flto -fstack-usage -MMD -MP -MF"Application/User/Core/bme280.d" -MT"Application/User/Core/bme280.o" --specs=nano.specs -mfloat-abi=soft -mthumb -o "Application/User/Core/bme280.o"
arm-none-eabi-gcc "E:/GitHub/STATION_F103RB_HX8357/Core/Src/ds3231.c" -mcpu=cortex-m3 -std=gnu11 -g3 -DDEBUG -DUSE_HAL_DRIVER -DSTM32F103xB -c -I../../Core/Inc -I../../Drivers/STM32F1xx_HAL_Driver/Inc -I../../Drivers/STM32F1xx_HAL_Driver/Inc/Legacy -I../../Drivers/CMSIS/Device/ST/STM32F1xx/Include -I../../Drivers/CMSIS/Include -Ofast -ffunction-sections -fdata-sections -Wall -flto -fstack-usage -MMD -MP -MF"Application/User/Core/ds3231.d" -MT"Application/User/Core/ds3231.o" --specs=nano.specs -mfloat-abi=soft -mthumb -o "Application/User/Core/ds3231.o"
arm-none-eabi-gcc "E:/GitHub/STATION_F103RB_HX8357/Core/Src/hx8357.c" -mcpu=cortex-m3 -std=gnu11 -g3 -DDEBUG -DUSE_HAL_DRIVER -DSTM32F103xB -c -I../../Core/Inc -I../../Drivers/STM32F1xx_HAL_Driver/Inc -I../../Drivers/STM32F1xx_HAL_Driver/Inc/Legacy -I../../Drivers/CMSIS/Device/ST/STM32F1xx/Include -I../../Drivers/CMSIS/Include -Ofast -ffunction-sections -fdata-sections -Wall -flto -fstack-usage -MMD -MP -MF"Application/User/Core/hx8357.d" -MT"Application/User/Core/hx8357.o" --specs=nano.specs -mfloat-abi=soft -mthumb -o "Application/User/Core/hx8357.o"
arm-none-eabi-gcc "E:/GitHub/STATION_F103RB_HX8357/Core/Src/main.c" -mcpu=cortex-m3 -std=gnu11 -g3 -DDEBUG -DUSE_HAL_DRIVER -DSTM32F103xB -c -I../../Core/Inc -I../../Drivers/STM32F1xx_HAL_Driver/Inc -I../../Drivers/STM32F1xx_HAL_Driver/Inc/Legacy -I../../Drivers/CMSIS/Device/ST/STM32F1xx/Include -I../../Drivers/CMSIS/Include -Ofast -ffunction-sections -fdata-sections -Wall -flto -fstack-usage -MMD -MP -MF"Application/User/Core/main.d" -MT"Application/User/Core/main.o" --specs=nano.specs -mfloat-abi=soft -mthumb -o "Application/User/Core/main.o"
arm-none-eabi-gcc "E:/GitHub/STATION_F103RB_HX8357/Core/Src/stm32f1xx_hal_msp.c" -mcpu=cortex-m3 -std=gnu11 -g3 -DDEBUG -DUSE_HAL_DRIVER -DSTM32F103xB -c -I../../Core/Inc -I../../Drivers/STM32F1xx_HAL_Driver/Inc -I../../Drivers/STM32F1xx_HAL_Driver/Inc/Legacy -I../../Drivers/CMSIS/Device/ST/STM32F1xx/Include -I../../Drivers/CMSIS/Include -Ofast -ffunction-sections -fdata-sections -Wall -flto -fstack-usage -MMD -MP -MF"Application/User/Core/stm32f1xx_hal_msp.d" -MT"Application/User/Core/stm32f1xx_hal_msp.o" --specs=nano.specs -mfloat-abi=soft -mthumb -o "Application/User/Core/stm32f1xx_hal_msp.o"
arm-none-eabi-gcc "E:/GitHub/STATION_F103RB_HX8357/Core/Src/stm32f1xx_it.c" -mcpu=cortex-m3 -std=gnu11 -g3 -DDEBUG -DUSE_HAL_DRIVER -DSTM32F103xB -c -I../../Core/Inc -I../../Drivers/STM32F1xx_HAL_Driver/Inc -I../../Drivers/STM32F1xx_HAL_Driver/Inc/Legacy -I../../Drivers/CMSIS/Device/ST/STM32F1xx/Include -I../../Drivers/CMSIS/Include -Ofast -ffunction-sections -fdata-sections -Wall -flto -fstack-usage -MMD -MP -MF"Application/User/Core/stm32f1xx_it.d" -MT"Application/User/Core/stm32f1xx_it.o" --specs=nano.specs -mfloat-abi=soft -mthumb -o "Application/User/Core/stm32f1xx_it.o"
arm-none-eabi-gcc "../Application/User/Core/syscalls.c" -mcpu=cortex-m3 -std=gnu11 -g3 -DDEBUG -DUSE_HAL_DRIVER -DSTM32F103xB -c -I../../Core/Inc -I../../Drivers/STM32F1xx_HAL_Driver/Inc -I../../Drivers/STM32F1xx_HAL_Driver/Inc/Legacy -I../../Drivers/CMSIS/Device/ST/STM32F1xx/Include -I../../Drivers/CMSIS/Include -Ofast -ffunction-sections -fdata-sections -Wall -flto -fstack-usage -MMD -MP -MF"Application/User/Core/syscalls.d" -MT"Application/User/Core/syscalls.o" --specs=nano.specs -mfloat-abi=soft -mthumb -o "Application/User/Core/syscalls.o"
arm-none-eabi-gcc "../Application/User/Core/sysmem.c" -mcpu=cortex-m3 -std=gnu11 -g3 -DDEBUG -DUSE_HAL_DRIVER -DSTM32F103xB -c -I../../Core/Inc -I../../Drivers/STM32F1xx_HAL_Driver/Inc -I../../Drivers/STM32F1xx_HAL_Driver/Inc/Legacy -I../../Drivers/CMSIS/Device/ST/STM32F1xx/Include -I../../Drivers/CMSIS/Include -Ofast -ffunction-sections -fdata-sections -Wall -flto -fstack-usage -MMD -MP -MF"Application/User/Core/sysmem.d" -MT"Application/User/Core/sysmem.o" --specs=nano.specs -mfloat-abi=soft -mthumb -o "Application/User/Core/sysmem.o"
arm-none-eabi-gcc -o "STATION_F103RB_HX8357.elf" @"objects.list"   -mcpu=cortex-m3 -T"E:\GitHub\STATION_F103RB_HX8357\STM32CubeIDE\STM32F103RBTX_FLASH.ld" --specs=nosys.specs -Wl,-Map="STATION_F103RB_HX8357.map" -Wl,--gc-sections -static --specs=nano.specs -mfloat-abi=soft -mthumb -u _printf_float -u _scanf_float -Wl,--start-group -lc -lm -Wl,--end-group
Finished building target: STATION_F103RB_HX8357.elf
 
arm-none-eabi-size   STATION_F103RB_HX8357.elf 
arm-none-eabi-objdump -h -S  STATION_F103RB_HX8357.elf  > "STATION_F103RB_HX8357.list"
arm-none-eabi-objcopy  -O ihex  STATION_F103RB_HX8357.elf  "STATION_F103RB_HX8357.hex"
arm-none-eabi-objcopy  -O binary  STATION_F103RB_HX8357.elf  "STATION_F103RB_HX8357.bin"
   text	   data	    bss	    dec	    hex	filename
 127584	    488	   3488	 131560	  201e8	STATION_F103RB_HX8357.elf
Finished building: default.size.stdout
 
Finished building: STATION_F103RB_HX8357.hex
Finished building: STATION_F103RB_HX8357.bin
 
 
Finished building: STATION_F103RB_HX8357.list
 
23:36:55 **** Incremental Build of configuration Release for project STATION_F103RB_HX8357 ****
make -j6 all 
arm-none-eabi-gcc "E:/GitHub/STATION_F103RB_HX8357/Core/Src/main.c" -mcpu=cortex-m3 -std=gnu11 -g -DUSE_HAL_DRIVER -DSTM32F103xB -c -I../../Core/Inc -I../../Drivers/STM32F1xx_HAL_Driver/Inc -I../../Drivers/CMSIS/Device/ST/STM32F1xx/Include -I../../Drivers/CMSIS/Include -I../../Drivers/STM32F1xx_HAL_Driver/Inc/Legacy -O3 -ffunction-sections -fdata-sections -Wall -fstack-usage -MMD -MP -MF"Application/User/Core/main.d" -MT"Application/User/Core/main.o" --specs=nano.specs -mfloat-abi=soft -mthumb -o "Application/User/Core/main.o"
arm-none-eabi-gcc -o "STATION_F103RB_HX8357.elf" @"objects.list"   -mcpu=cortex-m3 -T"E:\GitHub\STATION_F103RB_HX8357\STM32CubeIDE\STM32F103RBTX_FLASH.ld" -Wl,-Map="STATION_F103RB_HX8357.map" -Wl,--gc-sections -static --specs=nano.specs -mfloat-abi=soft -mthumb -u _printf_float -u _scanf_float -Wl,--start-group -lc -lm -Wl,--end-group
Finished building target: STATION_F103RB_HX8357.elf
 
arm-none-eabi-size   STATION_F103RB_HX8357.elf 
arm-none-eabi-objdump -h -S  STATION_F103RB_HX8357.elf  > "STATION_F103RB_HX8357.list"
arm-none-eabi-objcopy  -O ihex  STATION_F103RB_HX8357.elf  "STATION_F103RB_HX8357.hex"
arm-none-eabi-objcopy  -O binary  STATION_F103RB_HX8357.elf  "STATION_F103RB_HX8357.bin"
   text	   data	    bss	    dec	    hex	filename
 122904	    492	   3488	 126884	  1efa4	STATION_F103RB_HX8357.elf
Finished building: default.size.stdout
 
Finished building: STATION_F103RB_HX8357.bin
Finished building: STATION_F103RB_HX8357.hex
 
 
Finished building: STATION_F103RB_HX8357.list
 
23:36:56 **** Incremental Build of configuration Release for project STATION_F103RB_HX8357 ****
make -j6 all 
arm-none-eabi-size   STATION_F103RB_HX8357.elf 
   text	   data	    bss	    dec	    hex	filename
 122904	    492	   3488	 126884	  1efa4	STATION_F103RB_HX8357.elf
Finished building: default.size.stdout
 
23:37:02 **** Incremental Build of configuration Debug for project STATION_F103RB_HX8357 ****
make -j6 all 
arm-none-eabi-gcc "E:/GitHub/STATION_F103RB_HX8357/Core/Src/main.c" -mcpu=cortex-m3 -std=gnu11 -g3 -DDEBUG -DUSE_HAL_DRIVER -DSTM32F103xB -c -I../../Core/Inc -I../../Drivers/STM32F1xx_HAL_Driver/Inc -I../../Drivers/STM32F1xx_HAL_Driver/Inc/Legacy -I../../Drivers/CMSIS/Device/ST/STM32F1xx/Include -I../../Drivers/CMSIS/Include -Ofast -ffunction-sections -fdata-sections -Wall -flto -fstack-usage -MMD -MP -MF"Application/User/Core/main.d" -MT"Application/User/Core/main.o" --specs=nano.specs -mfloat-abi=soft -mthumb -o "Application/User/Core/main.o"
arm-none-eabi-gcc -o "STATION_F103RB_HX8357.elf" @"objects.list"   -mcpu=cortex-m3 -T"E:\GitHub\STATION_F103RB_HX8357\STM32CubeIDE\STM32F103RBTX_FLASH.ld" --specs=nosys.specs -Wl,-Map="STATION_F103RB_HX8357.map" -Wl,--gc-sections -static --specs=nano.specs -mfloat-abi=soft -mthumb -u _printf_float -u _scanf_float -Wl,--start-group -lc -lm -Wl,--end-group
Finished building target: STATION_F103RB_HX8357.elf
 
arm-none-eabi-size   STATION_F103RB_HX8357.elf 
arm-none-eabi-objdump -h -S  STATION_F103RB_HX8357.elf  > "STATION_F103RB_HX8357.list"
arm-none-eabi-objcopy  -O ihex  STATION_F103RB_HX8357.elf  "STATION_F103RB_HX8357.hex"
arm-none-eabi-objcopy  -O binary  STATION_F103RB_HX8357.elf  "STATION_F103RB_HX8357.bin"
   text	   data	    bss	    dec	    hex	filename
 127592	    488	   3488	 131568	  201f0	STATION_F103RB_HX8357.elf
Finished building: default.size.stdout
 
Finished building: STATION_F103RB_HX8357.bin
Finished building: STATION_F103RB_HX8357.hex
 
 
Finished building: STATION_F103RB_HX8357.list
 
23:45:54 **** Incremental Build of configuration Debug for project STATION_F103RB_HX8357 ****
make -j6 all 
arm-none-eabi-gcc "E:/GitHub/STATION_F103RB_HX8357/Core/Src/main.c" -mcpu=cortex-m3 -std=gnu11 -g3 -DDEBUG -DUSE_HAL_DRIVER -DSTM32F103xB -c -I../../Core/Inc -I../../Drivers/STM32F1xx_HAL_Driver/Inc -I../../Drivers/STM32F1xx_HAL_Driver/Inc/Legacy -I../../Drivers/CMSIS/Device/ST/STM32F1xx/Include -I../../Drivers/CMSIS/Include -Ofast -ffunction-sections -fdata-sections -Wall -flto -fstack-usage -MMD -MP -MF"Application/User/Core/main.d" -MT"Application/User/Core/main.o" --specs=nano.specs -mfloat-abi=soft -mthumb -o "Application/User/Core/main.o"
arm-none-eabi-gcc -o "STATION_F103RB_HX8357.elf" @"objects.list"   -mcpu=cortex-m3 -T"E:\GitHub\STATION_F103RB_HX8357\STM32CubeIDE\STM32F103RBTX_FLASH.ld" --specs=nosys.specs -Wl,-Map="STATION_F103RB_HX8357.map" -Wl,--gc-sections -static --specs=nano.specs -mfloat-abi=soft -mthumb -u _printf_float -u _scanf_float -Wl,--start-group -lc -lm -Wl,--end-group
Finished building target: STATION_F103RB_HX8357.elf
 
arm-none-eabi-size   STATION_F103RB_HX8357.elf 
arm-none-eabi-objdump -h -S  STATION_F103RB_HX8357.elf  > "STATION_F103RB_HX8357.list"
arm-none-eabi-objcopy  -O ihex  STATION_F103RB_HX8357.elf  "STATION_F103RB_HX8357.hex"
arm-none-eabi-objcopy  -O binary  STATION_F103RB_HX8357.elf  "STATION_F103RB_HX8357.bin"
   text	   data	    bss	    dec	    hex	filename
 127632	    488	   3488	 131608	  20218	STATION_F103RB_HX8357.elf
Finished building: default.size.stdout
 
Finished building: STATION_F103RB_HX8357.bin
Finished building: STATION_F103RB_HX8357.hex
 
 
Finished building: STATION_F103RB_HX8357.list
 
23:49:41 **** Incremental Build of configuration Debug for project STATION_F103RB_HX8357 ****
make -j6 all 
arm-none-eabi-size   STATION_F103RB_HX8357.elf 
   text	   data	    bss	    dec	    hex	filename
 127632	    488	   3488	 131608	  20218	STATION_F103RB_HX8357.elf
Finished building: default.size.stdout
 
23:50:39 **** Incremental Build of configuration Debug for project STATION_F103RB_HX8357 ****
make -j6 all 
arm-none-eabi-size   STATION_F103RB_HX8357.elf 
   text	   data	    bss	    dec	    hex	filename
 127632	    488	   3488	 131608	  20218	STATION_F103RB_HX8357.elf
Finished building: default.size.stdout
 
23:54:01 **** Incremental Build of configuration Debug for project STATION_F103RB_HX8357 ****
make -j6 all 
arm-none-eabi-size   STATION_F103RB_HX8357.elf 
   text	   data	    bss	    dec	    hex	filename
 127632	    488	   3488	 131608	  20218	STATION_F103RB_HX8357.elf
Finished building: default.size.stdout
 
23:54:40 **** Incremental Build of configuration Debug for project STATION_F103RB_HX8357 ****
make -j6 all 
arm-none-eabi-size   STATION_F103RB_HX8357.elf 
   text	   data	    bss	    dec	    hex	filename
 127632	    488	   3488	 131608	  20218	STATION_F103RB_HX8357.elf
Finished building: default.size.stdout
 
23:55:07 **** Incremental Build of configuration Debug for project STATION_F103RB_HX8357 ****
make -j6 all 
arm-none-eabi-size   STATION_F103RB_HX8357.elf 
   text	   data	    bss	    dec	    hex	filename
 127632	    488	   3488	 131608	  20218	STATION_F103RB_HX8357.elf
Finished building: default.size.stdout
 
23:55:30 **** Incremental Build of configuration Debug for project STATION_F103RB_HX8357 ****
make -j6 all 
arm-none-eabi-size   STATION_F103RB_HX8357.elf 
   text	   data	    bss	    dec	    hex	filename
 127632	    488	   3488	 131608	  20218	STATION_F103RB_HX8357.elf
Finished building: default.size.stdout
 
23:59:16 **** Incremental Build of configuration Debug for project STATION_F103RB_HX8357 ****
make -j6 all 
arm-none-eabi-size   STATION_F103RB_HX8357.elf 
   text	   data	    bss	    dec	    hex	filename
 127632	    488	   3488	 131608	  20218	STATION_F103RB_HX8357.elf
Finished building: default.size.stdout
 
00:02:07 **** Incremental Build of configuration Release for project STATION_F103RB_HX8357 ****
make -j6 all 
arm-none-eabi-gcc "E:/GitHub/STATION_F103RB_HX8357/Core/Src/main.c" -mcpu=cortex-m3 -std=gnu11 -g -DUSE_HAL_DRIVER -DSTM32F103xB -c -I../../Core/Inc -I../../Drivers/STM32F1xx_HAL_Driver/Inc -I../../Drivers/CMSIS/Device/ST/STM32F1xx/Include -I../../Drivers/CMSIS/Include -I../../Drivers/STM32F1xx_HAL_Driver/Inc/Legacy -O3 -ffunction-sections -fdata-sections -Wall -fstack-usage -MMD -MP -MF"Application/User/Core/main.d" -MT"Application/User/Core/main.o" --specs=nano.specs -mfloat-abi=soft -mthumb -o "Application/User/Core/main.o"
arm-none-eabi-gcc -o "STATION_F103RB_HX8357.elf" @"objects.list"   -mcpu=cortex-m3 -T"E:\GitHub\STATION_F103RB_HX8357\STM32CubeIDE\STM32F103RBTX_FLASH.ld" -Wl,-Map="STATION_F103RB_HX8357.map" -Wl,--gc-sections -static --specs=nano.specs -mfloat-abi=soft -mthumb -u _printf_float -u _scanf_float -Wl,--start-group -lc -lm -Wl,--end-group
Finished building target: STATION_F103RB_HX8357.elf
 
arm-none-eabi-size   STATION_F103RB_HX8357.elf 
arm-none-eabi-objdump -h -S  STATION_F103RB_HX8357.elf  > "STATION_F103RB_HX8357.list"
arm-none-eabi-objcopy  -O ihex  STATION_F103RB_HX8357.elf  "STATION_F103RB_HX8357.hex"
arm-none-eabi-objcopy  -O binary  STATION_F103RB_HX8357.elf  "STATION_F103RB_HX8357.bin"
   text	   data	    bss	    dec	    hex	filename
 122904	    492	   3488	 126884	  1efa4	STATION_F103RB_HX8357.elf
Finished building: default.size.stdout
 
Finished building: STATION_F103RB_HX8357.hex
Finished building: STATION_F103RB_HX8357.bin
 
 
Finished building: STATION_F103RB_HX8357.list
 
00:02:15 **** Incremental Build of configuration Release for project STATION_F103RB_HX8357 ****
make -j6 all 
arm-none-eabi-size   STATION_F103RB_HX8357.elf 
   text	   data	    bss	    dec	    hex	filename
 122904	    492	   3488	 126884	  1efa4	STATION_F103RB_HX8357.elf
Finished building: default.size.stdout
 
00:02:22 **** Incremental Build of configuration Debug for project STATION_F103RB_HX8357 ****
make -j6 all 
arm-none-eabi-gcc "E:/GitHub/STATION_F103RB_HX8357/Core/Src/main.c" -mcpu=cortex-m3 -std=gnu11 -g3 -DDEBUG -DUSE_HAL_DRIVER -DSTM32F103xB -c -I../../Core/Inc -I../../Drivers/STM32F1xx_HAL_Driver/Inc -I../../Drivers/STM32F1xx_HAL_Driver/Inc/Legacy -I../../Drivers/CMSIS/Device/ST/STM32F1xx/Include -I../../Drivers/CMSIS/Include -Ofast -ffunction-sections -fdata-sections -Wall -flto -fstack-usage -MMD -MP -MF"Application/User/Core/main.d" -MT"Application/User/Core/main.o" --specs=nano.specs -mfloat-abi=soft -mthumb -o "Application/User/Core/main.o"
arm-none-eabi-gcc -o "STATION_F103RB_HX8357.elf" @"objects.list"   -mcpu=cortex-m3 -T"E:\GitHub\STATION_F103RB_HX8357\STM32CubeIDE\STM32F103RBTX_FLASH.ld" --specs=nosys.specs -Wl,-Map="STATION_F103RB_HX8357.map" -Wl,--gc-sections -static --specs=nano.specs -mfloat-abi=soft -mthumb -u _printf_float -u _scanf_float -Wl,--start-group -lc -lm -Wl,--end-group
Finished building target: STATION_F103RB_HX8357.elf
 
arm-none-eabi-size   STATION_F103RB_HX8357.elf 
arm-none-eabi-objdump -h -S  STATION_F103RB_HX8357.elf  > "STATION_F103RB_HX8357.list"
arm-none-eabi-objcopy  -O ihex  STATION_F103RB_HX8357.elf  "STATION_F103RB_HX8357.hex"
arm-none-eabi-objcopy  -O binary  STATION_F103RB_HX8357.elf  "STATION_F103RB_HX8357.bin"
   text	   data	    bss	    dec	    hex	filename
 127632	    488	   3488	 131608	  20218	STATION_F103RB_HX8357.elf
Finished building: default.size.stdout
 
Finished building: STATION_F103RB_HX8357.hex
Finished building: STATION_F103RB_HX8357.bin
 
 
Finished building: STATION_F103RB_HX8357.list
 
00:33:29 **** Incremental Build of configuration Release for project STATION_F103RB_HX8357 ****
make -j6 all 
arm-none-eabi-size   STATION_F103RB_HX8357.elf 
   text	   data	    bss	    dec	    hex	filename
 122904	    492	   3488	 126884	  1efa4	STATION_F103RB_HX8357.elf
Finished building: default.size.stdout
 
00:33:37 **** Incremental Build of configuration Debug for project STATION_F103RB_HX8357 ****
make -j6 all 
arm-none-eabi-size   STATION_F103RB_HX8357.elf 
   text	   data	    bss	    dec	    hex	filename
 127632	    488	   3488	 131608	  20218	STATION_F103RB_HX8357.elf
Finished building: default.size.stdout
 
02:11:59 **** Build of configuration Release for project STATION_F103RB_HX8357 ****
make -j6 all 
arm-none-eabi-size   STATION_F103RB_HX8357.elf 
   text	   data	    bss	    dec	    hex	filename
 122904	    492	   3488	 126884	  1efa4	STATION_F103RB_HX8357.elf
Finished building: default.size.stdout
 
02:12:06 **** Clean-only build of configuration Debug for project STATION_F103RB_HX8357 ****
make -j6 clean 
rm -rf ./Drivers/STM32F1xx_HAL_Driver/stm32f1xx_hal.d ./Drivers/STM32F1xx_HAL_Driver/stm32f1xx_hal.o ./Drivers/STM32F1xx_HAL_Driver/stm32f1xx_hal_cortex.d ./Drivers/STM32F1xx_HAL_Driver/stm32f1xx_hal_cortex.o ./Drivers/STM32F1xx_HAL_Driver/stm32f1xx_hal_dma.d ./Drivers/STM32F1xx_HAL_Driver/stm32f1xx_hal_dma.o ./Drivers/STM32F1xx_HAL_Driver/stm32f1xx_hal_exti.d ./Drivers/STM32F1xx_HAL_Driver/stm32f1xx_hal_exti.o ./Drivers/STM32F1xx_HAL_Driver/stm32f1xx_hal_flash.d ./Drivers/STM32F1xx_HAL_Driver/stm32f1xx_hal_flash.o ./Drivers/STM32F1xx_HAL_Driver/stm32f1xx_hal_flash_ex.d ./Drivers/STM32F1xx_HAL_Driver/stm32f1xx_hal_flash_ex.o ./Drivers/STM32F1xx_HAL_Driver/stm32f1xx_hal_gpio.d ./Drivers/STM32F1xx_HAL_Driver/stm32f1xx_hal_gpio.o ./Drivers/STM32F1xx_HAL_Driver/stm32f1xx_hal_gpio_ex.d ./Drivers/STM32F1xx_HAL_Driver/stm32f1xx_hal_gpio_ex.o ./Drivers/STM32F1xx_HAL_Driver/stm32f1xx_hal_i2c.d ./Drivers/STM32F1xx_HAL_Driver/stm32f1xx_hal_i2c.o ./Drivers/STM32F1xx_HAL_Driver/stm32f1xx_hal_pwr.d ./Drivers/STM32F1xx_HAL_Driver/stm32f1xx_hal_pwr.o ./Drivers/STM32F1xx_HAL_Driver/stm32f1xx_hal_rcc.d ./Drivers/STM32F1xx_HAL_Driver/stm32f1xx_hal_rcc.o ./Drivers/STM32F1xx_HAL_Driver/stm32f1xx_hal_rcc_ex.d ./Drivers/STM32F1xx_HAL_Driver/stm32f1xx_hal_rcc_ex.o ./Drivers/STM32F1xx_HAL_Driver/stm32f1xx_hal_tim.d ./Drivers/STM32F1xx_HAL_Driver/stm32f1xx_hal_tim.o ./Drivers/STM32F1xx_HAL_Driver/stm32f1xx_hal_tim_ex.d ./Drivers/STM32F1xx_HAL_Driver/stm32f1xx_hal_tim_ex.o ./Drivers/STM32F1xx_HAL_Driver/stm32f1xx_hal_uart.d ./Drivers/STM32F1xx_HAL_Driver/stm32f1xx_hal_uart.o
rm -rf ./Drivers/CMSIS/system_stm32f1xx.d ./Drivers/CMSIS/system_stm32f1xx.o
rm -rf ./Application/User/Startup/startup_stm32f103rbtx.d ./Application/User/Startup/startup_stm32f103rbtx.o
rm -rf ./Application/User/Core/at24xx.d ./Application/User/Core/at24xx.o ./Application/User/Core/bme280.d ./Application/User/Core/bme280.o ./Application/User/Core/ds3231.d ./Application/User/Core/ds3231.o ./Application/User/Core/hx8357.d ./Application/User/Core/hx8357.o ./Application/User/Core/main.d ./Application/User/Core/main.o ./Application/User/Core/stm32f1xx_hal_msp.d ./Application/User/Core/stm32f1xx_hal_msp.o ./Application/User/Core/stm32f1xx_it.d ./Application/User/Core/stm32f1xx_it.o ./Application/User/Core/syscalls.d ./Application/User/Core/syscalls.o ./Application/User/Core/sysmem.d ./Application/User/Core/sysmem.o
rm -rf STATION_F103RB_HX8357.bin STATION_F103RB_HX8357.elf STATION_F103RB_HX8357.hex STATION_F103RB_HX8357.list default.size.stdout
 
02:12:06 **** Incremental Build of configuration Debug for project STATION_F103RB_HX8357 ****
make -j6 all 
arm-none-eabi-gcc "E:/GitHub/STATION_F103RB_HX8357/Drivers/STM32F1xx_HAL_Driver/Src/stm32f1xx_hal.c" -mcpu=cortex-m3 -std=gnu11 -g3 -DDEBUG -DUSE_HAL_DRIVER -DSTM32F103xB -c -I../../Core/Inc -I../../Drivers/STM32F1xx_HAL_Driver/Inc -I../../Drivers/STM32F1xx_HAL_Driver/Inc/Legacy -I../../Drivers/CMSIS/Device/ST/STM32F1xx/Include -I../../Drivers/CMSIS/Include -Ofast -ffunction-sections -fdata-sections -Wall -flto -fstack-usage -MMD -MP -MF"Drivers/STM32F1xx_HAL_Driver/stm32f1xx_hal.d" -MT"Drivers/STM32F1xx_HAL_Driver/stm32f1xx_hal.o" --specs=nano.specs -mfloat-abi=soft -mthumb -o "Drivers/STM32F1xx_HAL_Driver/stm32f1xx_hal.o"
arm-none-eabi-gcc "E:/GitHub/STATION_F103RB_HX8357/Drivers/STM32F1xx_HAL_Driver/Src/stm32f1xx_hal_cortex.c" -mcpu=cortex-m3 -std=gnu11 -g3 -DDEBUG -DUSE_HAL_DRIVER -DSTM32F103xB -c -I../../Core/Inc -I../../Drivers/STM32F1xx_HAL_Driver/Inc -I../../Drivers/STM32F1xx_HAL_Driver/Inc/Legacy -I../../Drivers/CMSIS/Device/ST/STM32F1xx/Include -I../../Drivers/CMSIS/Include -Ofast -ffunction-sections -fdata-sections -Wall -flto -fstack-usage -MMD -MP -MF"Drivers/STM32F1xx_HAL_Driver/stm32f1xx_hal_cortex.d" -MT"Drivers/STM32F1xx_HAL_Driver/stm32f1xx_hal_cortex.o" --specs=nano.specs -mfloat-abi=soft -mthumb -o "Drivers/STM32F1xx_HAL_Driver/stm32f1xx_hal_cortex.o"
arm-none-eabi-gcc "E:/GitHub/STATION_F103RB_HX8357/Drivers/STM32F1xx_HAL_Driver/Src/stm32f1xx_hal_dma.c" -mcpu=cortex-m3 -std=gnu11 -g3 -DDEBUG -DUSE_HAL_DRIVER -DSTM32F103xB -c -I../../Core/Inc -I../../Drivers/STM32F1xx_HAL_Driver/Inc -I../../Drivers/STM32F1xx_HAL_Driver/Inc/Legacy -I../../Drivers/CMSIS/Device/ST/STM32F1xx/Include -I../../Drivers/CMSIS/Include -Ofast -ffunction-sections -fdata-sections -Wall -flto -fstack-usage -MMD -MP -MF"Drivers/STM32F1xx_HAL_Driver/stm32f1xx_hal_dma.d" -MT"Drivers/STM32F1xx_HAL_Driver/stm32f1xx_hal_dma.o" --specs=nano.specs -mfloat-abi=soft -mthumb -o "Drivers/STM32F1xx_HAL_Driver/stm32f1xx_hal_dma.o"
arm-none-eabi-gcc "E:/GitHub/STATION_F103RB_HX8357/Drivers/STM32F1xx_HAL_Driver/Src/stm32f1xx_hal_exti.c" -mcpu=cortex-m3 -std=gnu11 -g3 -DDEBUG -DUSE_HAL_DRIVER -DSTM32F103xB -c -I../../Core/Inc -I../../Drivers/STM32F1xx_HAL_Driver/Inc -I../../Drivers/STM32F1xx_HAL_Driver/Inc/Legacy -I../../Drivers/CMSIS/Device/ST/STM32F1xx/Include -I../../Drivers/CMSIS/Include -Ofast -ffunction-sections -fdata-sections -Wall -flto -fstack-usage -MMD -MP -MF"Drivers/STM32F1xx_HAL_Driver/stm32f1xx_hal_exti.d" -MT"Drivers/STM32F1xx_HAL_Driver/stm32f1xx_hal_exti.o" --specs=nano.specs -mfloat-abi=soft -mthumb -o "Drivers/STM32F1xx_HAL_Driver/stm32f1xx_hal_exti.o"
[...]
   text	   data	    bss	    dec	    hex	filename
 128784	    488	   3488	 132760	  20698	STATION_F103RB_HX8357.elf
Finished building: default.size.stdout
 
08:30:45 **** Incremental Build of configuration Release for project STATION_F103RB_HX8357 ****
make -j6 all 
arm-none-eabi-gcc "E:/GitHub/STATION_F103RB_HX8357/Core/Src/main.c" -mcpu=cortex-m3 -std=gnu11 -g -DUSE_HAL_DRIVER -DSTM32F103xB -c -I../../Core/Inc -I../../Drivers/STM32F1xx_HAL_Driver/Inc -I../../Drivers/CMSIS/Device/ST/STM32F1xx/Include -I../../Drivers/CMSIS/Include -I../../Drivers/STM32F1xx_HAL_Driver/Inc/Legacy -O3 -ffunction-sections -fdata-sections -Wall -fstack-usage -MMD -MP -MF"Application/User/Core/main.d" -MT"Application/User/Core/main.o" --specs=nano.specs -mfloat-abi=soft -mthumb -o "Application/User/Core/main.o"
arm-none-eabi-gcc -o "STATION_F103RB_HX8357.elf" @"objects.list"   -mcpu=cortex-m3 -T"E:\GitHub\STATION_F103RB_HX8357\STM32CubeIDE\STM32F103RBTX_FLASH.ld" -Wl,-Map="STATION_F103RB_HX8357.map" -Wl,--gc-sections -static --specs=nano.specs -mfloat-abi=soft -mthumb -u _printf_float -u _scanf_float -Wl,--start-group -lc -lm -Wl,--end-group
Finished building target: STATION_F103RB_HX8357.elf
 
arm-none-eabi-size   STATION_F103RB_HX8357.elf 
arm-none-eabi-objdump -h -S  STATION_F103RB_HX8357.elf  > "STATION_F103RB_HX8357.list"
arm-none-eabi-objcopy  -O ihex  STATION_F103RB_HX8357.elf  "STATION_F103RB_HX8357.hex"
arm-none-eabi-objcopy  -O binary  STATION_F103RB_HX8357.elf  "STATION_F103RB_HX8357.bin"
   text	   data	    bss	    dec	    hex	filename
 123200	    492	   3488	 127180	  1f0cc	STATION_F103RB_HX8357.elf
Finished building: default.size.stdout
 
Finished building: STATION_F103RB_HX8357.hex
Finished building: STATION_F103RB_HX8357.bin
 
 
Finished building: STATION_F103RB_HX8357.list
 
08:32:44 **** Incremental Build of configuration Debug for project STATION_F103RB_HX8357 ****
make -j6 all 
arm-none-eabi-gcc "E:/GitHub/STATION_F103RB_HX8357/Core/Src/main.c" -mcpu=cortex-m3 -std=gnu11 -g3 -DDEBUG -DUSE_HAL_DRIVER -DSTM32F103xB -c -I../../Core/Inc -I../../Drivers/STM32F1xx_HAL_Driver/Inc -I../../Drivers/STM32F1xx_HAL_Driver/Inc/Legacy -I../../Drivers/CMSIS/Device/ST/STM32F1xx/Include -I../../Drivers/CMSIS/Include -Ofast -ffunction-sections -fdata-sections -Wall -flto -fstack-usage -MMD -MP -MF"Application/User/Core/main.d" -MT"Application/User/Core/main.o" --specs=nano.specs -mfloat-abi=soft -mthumb -o "Application/User/Core/main.o"
arm-none-eabi-gcc -o "STATION_F103RB_HX8357.elf" @"objects.list"   -mcpu=cortex-m3 -T"E:\GitHub\STATION_F103RB_HX8357\STM32CubeIDE\STM32F103RBTX_FLASH.ld" --specs=nosys.specs -Wl,-Map="STATION_F103RB_HX8357.map" -Wl,--gc-sections -static --specs=nano.specs -mfloat-abi=soft -mthumb -u _printf_float -u _scanf_float -Wl,--start-group -lc -lm -Wl,--end-group
Finished building target: STATION_F103RB_HX8357.elf
 
arm-none-eabi-size   STATION_F103RB_HX8357.elf 
arm-none-eabi-objdump -h -S  STATION_F103RB_HX8357.elf  > "STATION_F103RB_HX8357.list"
arm-none-eabi-objcopy  -O ihex  STATION_F103RB_HX8357.elf  "STATION_F103RB_HX8357.hex"
arm-none-eabi-objcopy  -O binary  STATION_F103RB_HX8357.elf  "STATION_F103RB_HX8357.bin"
   text	   data	    bss	    dec	    hex	filename
 127696	    488	   3488	 131672	  20258	STATION_F103RB_HX8357.elf
Finished building: default.size.stdout
 
Finished building: STATION_F103RB_HX8357.bin
Finished building: STATION_F103RB_HX8357.hex
 
 
Finished building: STATION_F103RB_HX8357.list
 
08:34:42 **** Incremental Build of configuration Release for project STATION_F103RB_HX8357 ****
make -j6 all 
arm-none-eabi-gcc "E:/GitHub/STATION_F103RB_HX8357/Core/Src/main.c" -mcpu=cortex-m3 -std=gnu11 -g -DUSE_HAL_DRIVER -DSTM32F103xB -c -I../../Core/Inc -I../../Drivers/STM32F1xx_HAL_Driver/Inc -I../../Drivers/CMSIS/Device/ST/STM32F1xx/Include -I../../Drivers/CMSIS/Include -I../../Drivers/STM32F1xx_HAL_Driver/Inc/Legacy -O3 -ffunction-sections -fdata-sections -Wall -fstack-usage -MMD -MP -MF"Application/User/Core/main.d" -MT"Application/User/Core/main.o" --specs=nano.specs -mfloat-abi=soft -mthumb -o "Application/User/Core/main.o"
E:/GitHub/STATION_F103RB_HX8357/Core/Src/main.c: In function 'main':
E:/GitHub/STATION_F103RB_HX8357/Core/Src/main.c:225:43: warning: iteration 154 invokes undefined behavior [-Waggressive-loop-optimizations]
  225 |  for (uint16_t i = 0; i < 155; i++) hT[i] = byteS(AT24XX_Read(i * 2 + 1000), AT24XX_Read(i * 2 + 1 + 1000));
      |                                     ~~~~~~^~~~~~~~~~~~~~~~~~~~~~~~~~~~~~~~~~~~~~~~~~~~~~~~~~~~~~~~~~~~~~~~~
E:/GitHub/STATION_F103RB_HX8357/Core/Src/main.c:225:2: note: within this loop
  225 |  for (uint16_t i = 0; i < 155; i++) hT[i] = byteS(AT24XX_Read(i * 2 + 1000), AT24XX_Read(i * 2 + 1 + 1000));
      |  ^~~
E:/GitHub/STATION_F103RB_HX8357/Core/Src/main.c:226:43: warning: iteration 154 invokes undefined behavior [-Waggressive-loop-optimizations]
  226 |  for (uint16_t i = 0; i < 155; i++) hH[i] = 100 + i;//byteS(AT24XX_Read(i * 2 + 2000), AT24XX_Read(i * 2 + 1 + 2000));
      |                                     ~~~~~~^~~~~~~~~
E:/GitHub/STATION_F103RB_HX8357/Core/Src/main.c:226:2: note: within this loop
  226 |  for (uint16_t i = 0; i < 155; i++) hH[i] = 100 + i;//byteS(AT24XX_Read(i * 2 + 2000), AT24XX_Read(i * 2 + 1 + 2000));
      |  ^~~
E:/GitHub/STATION_F103RB_HX8357/Core/Src/main.c:227:43: warning: iteration 154 invokes undefined behavior [-Waggressive-loop-optimizations]
  227 |  for (uint16_t i = 0; i < 155; i++) hP[i] = byteS(AT24XX_Read(i * 2 + 3000), AT24XX_Read(i * 2 + 1 + 3000));
      |                                     ~~~~~~^~~~~~~~~~~~~~~~~~~~~~~~~~~~~~~~~~~~~~~~~~~~~~~~~~~~~~~~~~~~~~~~~
E:/GitHub/STATION_F103RB_HX8357/Core/Src/main.c:227:2: note: within this loop
  227 |  for (uint16_t i = 0; i < 155; i++) hP[i] = byteS(AT24XX_Read(i * 2 + 3000), AT24XX_Read(i * 2 + 1 + 3000));
      |  ^~~
E:/GitHub/STATION_F103RB_HX8357/Core/Src/main.c:404:48: warning: iteration 154 invokes undefined behavior [-Waggressive-loop-optimizations]
  404 |       for (uint16_t i = 0; i < 155; i++) hT[i] = byteS(AT24XX_Read(i * 2 + 1000), AT24XX_Read(i * 2 + 1 + 1000));
      |                                          ~~~~~~^~~~~~~~~~~~~~~~~~~~~~~~~~~~~~~~~~~~~~~~~~~~~~~~~~~~~~~~~~~~~~~~~
E:/GitHub/STATION_F103RB_HX8357/Core/Src/main.c:404:7: note: within this loop
  404 |       for (uint16_t i = 0; i < 155; i++) hT[i] = byteS(AT24XX_Read(i * 2 + 1000), AT24XX_Read(i * 2 + 1 + 1000));
      |       ^~~
E:/GitHub/STATION_F103RB_HX8357/Core/Src/main.c:409:44: warning: iteration 154 invokes undefined behavior [-Waggressive-loop-optimizations]
  409 |        AT24XX_Update(i * 2 + 1000, byteL(hT[i]));
      |                                          ~~^~~
E:/GitHub/STATION_F103RB_HX8357/Core/Src/main.c:408:7: note: within this loop
  408 |       for (uint16_t i = 0; i < 155; i++) {
      |       ^~~
E:/GitHub/STATION_F103RB_HX8357/Core/Src/main.c:413:48: warning: iteration 154 invokes undefined behavior [-Waggressive-loop-optimizations]
  413 |       for (uint16_t i = 0; i < 155; i++) hH[i] = byteS(AT24XX_Read(i * 2 + 2000), AT24XX_Read(i * 2 + 1 + 2000));
      |                                          ~~~~~~^~~~~~~~~~~~~~~~~~~~~~~~~~~~~~~~~~~~~~~~~~~~~~~~~~~~~~~~~~~~~~~~~
E:/GitHub/STATION_F103RB_HX8357/Core/Src/main.c:413:7: note: within this loop
  413 |       for (uint16_t i = 0; i < 155; i++) hH[i] = byteS(AT24XX_Read(i * 2 + 2000), AT24XX_Read(i * 2 + 1 + 2000));
      |       ^~~
E:/GitHub/STATION_F103RB_HX8357/Core/Src/main.c:418:44: warning: iteration 154 invokes undefined behavior [-Waggressive-loop-optimizations]
  418 |        AT24XX_Update(i * 2 + 2000, byteL(hH[i]));
      |                                          ~~^~~
E:/GitHub/STATION_F103RB_HX8357/Core/Src/main.c:417:7: note: within this loop
  417 |       for (uint16_t i = 0; i < 155; i++) {
      |       ^~~
E:/GitHub/STATION_F103RB_HX8357/Core/Src/main.c:422:48: warning: iteration 154 invokes undefined behavior [-Waggressive-loop-optimizations]
  422 |       for (uint16_t i = 0; i < 155; i++) hP[i] = byteS(AT24XX_Read(i * 2 + 3000), AT24XX_Read(i * 2 + 1 + 3000));
      |                                          ~~~~~~^~~~~~~~~~~~~~~~~~~~~~~~~~~~~~~~~~~~~~~~~~~~~~~~~~~~~~~~~~~~~~~~~
E:/GitHub/STATION_F103RB_HX8357/Core/Src/main.c:422:7: note: within this loop
  422 |       for (uint16_t i = 0; i < 155; i++) hP[i] = byteS(AT24XX_Read(i * 2 + 3000), AT24XX_Read(i * 2 + 1 + 3000));
      |       ^~~
E:/GitHub/STATION_F103RB_HX8357/Core/Src/main.c:427:44: warning: iteration 154 invokes undefined behavior [-Waggressive-loop-optimizations]
  427 |        AT24XX_Update(i * 2 + 3000, byteL(hP[i]));
      |                                          ~~^~~
E:/GitHub/STATION_F103RB_HX8357/Core/Src/main.c:426:7: note: within this loop
  426 |       for (uint16_t i = 0; i < 155; i++) {
      |       ^~~
E:/GitHub/STATION_F103RB_HX8357/Core/Src/main.c:458:33: warning: iteration 154 invokes undefined behavior [-Waggressive-loop-optimizations]
  458 |        valMap = map(((int16_t)hT[i]), MIN_TEMPERATURE_X10, MAX_TEMPERATURE_X10, 0, 128);
      |                               ~~^~~
E:/GitHub/STATION_F103RB_HX8357/Core/Src/main.c:457:7: note: within this loop
  457 |       for (uint16_t i = 0; i < 155 ; i++) {
      |       ^~~
E:/GitHub/STATION_F103RB_HX8357/Core/Src/main.c:466:33: warning: iteration 154 invokes undefined behavior [-Waggressive-loop-optimizations]
  466 |        valMap = map(((int16_t)hH[i]), MIN_HUMIDITY_X10, MAX_HUMIDITY_X10, 0, 128);
      |                               ~~^~~
E:/GitHub/STATION_F103RB_HX8357/Core/Src/main.c:465:7: note: within this loop
  465 |       for (uint16_t i = 0; i < 155 ; i++) {
      |       ^~~
E:/GitHub/STATION_F103RB_HX8357/Core/Src/main.c:474:33: warning: iteration 154 invokes undefined behavior [-Waggressive-loop-optimizations]
  474 |        valMap = map(((int16_t)hP[i]), MIN_PRESSURE, MAX_PRESSURE, 0, 128);
      |                               ~~^~~
E:/GitHub/STATION_F103RB_HX8357/Core/Src/main.c:473:7: note: within this loop
  473 |       for (uint16_t i = 0; i < 155 ; i++) {
      |       ^~~
E:/GitHub/STATION_F103RB_HX8357/Core/Src/main.c:405:48: warning: '__builtin_memmove' forming offset [308, 309] is out of the bounds [0, 308] of object 'hT' with type 'int16_t[154]' {aka 'short int[154]'} [-Warray-bounds]
  405 |       for (uint16_t i = 154; i > 0; i--) hT[i] = hT[i - 1];
      |                                          ~~~~~~^~~~~~~~~~~
E:/GitHub/STATION_F103RB_HX8357/Core/Src/main.c:106:9: note: 'hT' declared here
  106 | int16_t hT[154], hH[154], hP[154];
      |         ^~
E:/GitHub/STATION_F103RB_HX8357/Core/Src/main.c:414:48: warning: '__builtin_memmove' forming offset [308, 309] is out of the bounds [0, 308] of object 'hH' with type 'int16_t[154]' {aka 'short int[154]'} [-Warray-bounds]
  414 |       for (uint16_t i = 154; i > 0; i--) hH[i] = hH[i - 1];
      |                                          ~~~~~~^~~~~~~~~~~
E:/GitHub/STATION_F103RB_HX8357/Core/Src/main.c:106:18: note: 'hH' declared here
  106 | int16_t hT[154], hH[154], hP[154];
      |                  ^~
E:/GitHub/STATION_F103RB_HX8357/Core/Src/main.c:423:48: warning: '__builtin_memmove' forming offset [308, 309] is out of the bounds [0, 308] of object 'hP' with type 'int16_t[154]' {aka 'short int[154]'} [-Warray-bounds]
  423 |       for (uint16_t i = 154; i > 0; i--) hP[i] = hP[i - 1];
      |                                          ~~~~~~^~~~~~~~~~~
E:/GitHub/STATION_F103RB_HX8357/Core/Src/main.c:106:27: note: 'hP' declared here
  106 | int16_t hT[154], hH[154], hP[154];
      |                           ^~
arm-none-eabi-gcc -o "STATION_F103RB_HX8357.elf" @"objects.list"   -mcpu=cortex-m3 -T"E:\GitHub\STATION_F103RB_HX8357\STM32CubeIDE\STM32F103RBTX_FLASH.ld" -Wl,-Map="STATION_F103RB_HX8357.map" -Wl,--gc-sections -static --specs=nano.specs -mfloat-abi=soft -mthumb -u _printf_float -u _scanf_float -Wl,--start-group -lc -lm -Wl,--end-group
Finished building target: STATION_F103RB_HX8357.elf
 
arm-none-eabi-size   STATION_F103RB_HX8357.elf 
arm-none-eabi-objdump -h -S  STATION_F103RB_HX8357.elf  > "STATION_F103RB_HX8357.list"
arm-none-eabi-objcopy  -O ihex  STATION_F103RB_HX8357.elf  "STATION_F103RB_HX8357.hex"
arm-none-eabi-objcopy  -O binary  STATION_F103RB_HX8357.elf  "STATION_F103RB_HX8357.bin"
   text	   data	    bss	    dec	    hex	filename
 123192	    492	   3480	 127164	  1f0bc	STATION_F103RB_HX8357.elf
Finished building: default.size.stdout
 
Finished building: STATION_F103RB_HX8357.hex
Finished building: STATION_F103RB_HX8357.bin
 
 
Finished building: STATION_F103RB_HX8357.list
 
08:36:13 **** Incremental Build of configuration Release for project STATION_F103RB_HX8357 ****
make -j6 all 
arm-none-eabi-gcc "E:/GitHub/STATION_F103RB_HX8357/Core/Src/main.c" -mcpu=cortex-m3 -std=gnu11 -g -DUSE_HAL_DRIVER -DSTM32F103xB -c -I../../Core/Inc -I../../Drivers/STM32F1xx_HAL_Driver/Inc -I../../Drivers/CMSIS/Device/ST/STM32F1xx/Include -I../../Drivers/CMSIS/Include -I../../Drivers/STM32F1xx_HAL_Driver/Inc/Legacy -O3 -ffunction-sections -fdata-sections -Wall -fstack-usage -MMD -MP -MF"Application/User/Core/main.d" -MT"Application/User/Core/main.o" --specs=nano.specs -mfloat-abi=soft -mthumb -o "Application/User/Core/main.o"
arm-none-eabi-gcc -o "STATION_F103RB_HX8357.elf" @"objects.list"   -mcpu=cortex-m3 -T"E:\GitHub\STATION_F103RB_HX8357\STM32CubeIDE\STM32F103RBTX_FLASH.ld" -Wl,-Map="STATION_F103RB_HX8357.map" -Wl,--gc-sections -static --specs=nano.specs -mfloat-abi=soft -mthumb -u _printf_float -u _scanf_float -Wl,--start-group -lc -lm -Wl,--end-group
Finished building target: STATION_F103RB_HX8357.elf
 
arm-none-eabi-size   STATION_F103RB_HX8357.elf 
arm-none-eabi-objdump -h -S  STATION_F103RB_HX8357.elf  > "STATION_F103RB_HX8357.list"
arm-none-eabi-objcopy  -O ihex  STATION_F103RB_HX8357.elf  "STATION_F103RB_HX8357.hex"
arm-none-eabi-objcopy  -O binary  STATION_F103RB_HX8357.elf  "STATION_F103RB_HX8357.bin"
   text	   data	    bss	    dec	    hex	filename
 123192	    492	   3480	 127164	  1f0bc	STATION_F103RB_HX8357.elf
Finished building: default.size.stdout
 
Finished building: STATION_F103RB_HX8357.bin
Finished building: STATION_F103RB_HX8357.hex
 
 
Finished building: STATION_F103RB_HX8357.list
 
08:36:16 **** Incremental Build of configuration Release for project STATION_F103RB_HX8357 ****
make -j6 all 
arm-none-eabi-size   STATION_F103RB_HX8357.elf 
   text	   data	    bss	    dec	    hex	filename
 123192	    492	   3480	 127164	  1f0bc	STATION_F103RB_HX8357.elf
Finished building: default.size.stdout
 
08:36:22 **** Incremental Build of configuration Debug for project STATION_F103RB_HX8357 ****
make -j6 all 
arm-none-eabi-gcc "E:/GitHub/STATION_F103RB_HX8357/Core/Src/main.c" -mcpu=cortex-m3 -std=gnu11 -g3 -DDEBUG -DUSE_HAL_DRIVER -DSTM32F103xB -c -I../../Core/Inc -I../../Drivers/STM32F1xx_HAL_Driver/Inc -I../../Drivers/STM32F1xx_HAL_Driver/Inc/Legacy -I../../Drivers/CMSIS/Device/ST/STM32F1xx/Include -I../../Drivers/CMSIS/Include -Ofast -ffunction-sections -fdata-sections -Wall -flto -fstack-usage -MMD -MP -MF"Application/User/Core/main.d" -MT"Application/User/Core/main.o" --specs=nano.specs -mfloat-abi=soft -mthumb -o "Application/User/Core/main.o"
arm-none-eabi-gcc -o "STATION_F103RB_HX8357.elf" @"objects.list"   -mcpu=cortex-m3 -T"E:\GitHub\STATION_F103RB_HX8357\STM32CubeIDE\STM32F103RBTX_FLASH.ld" --specs=nosys.specs -Wl,-Map="STATION_F103RB_HX8357.map" -Wl,--gc-sections -static --specs=nano.specs -mfloat-abi=soft -mthumb -u _printf_float -u _scanf_float -Wl,--start-group -lc -lm -Wl,--end-group
Finished building target: STATION_F103RB_HX8357.elf
 
arm-none-eabi-size   STATION_F103RB_HX8357.elf 
arm-none-eabi-objdump -h -S  STATION_F103RB_HX8357.elf  > "STATION_F103RB_HX8357.list"
arm-none-eabi-objcopy  -O ihex  STATION_F103RB_HX8357.elf  "STATION_F103RB_HX8357.hex"
arm-none-eabi-objcopy  -O binary  STATION_F103RB_HX8357.elf  "STATION_F103RB_HX8357.bin"
   text	   data	    bss	    dec	    hex	filename
 127664	    488	   3480	 131632	  20230	STATION_F103RB_HX8357.elf
Finished building: default.size.stdout
 
Finished building: STATION_F103RB_HX8357.hex
Finished building: STATION_F103RB_HX8357.bin
 
 
Finished building: STATION_F103RB_HX8357.list
 
08:37:21 **** Incremental Build of configuration Release for project STATION_F103RB_HX8357 ****
make -j6 all 
arm-none-eabi-gcc "E:/GitHub/STATION_F103RB_HX8357/Core/Src/main.c" -mcpu=cortex-m3 -std=gnu11 -g -DUSE_HAL_DRIVER -DSTM32F103xB -c -I../../Core/Inc -I../../Drivers/STM32F1xx_HAL_Driver/Inc -I../../Drivers/CMSIS/Device/ST/STM32F1xx/Include -I../../Drivers/CMSIS/Include -I../../Drivers/STM32F1xx_HAL_Driver/Inc/Legacy -O3 -ffunction-sections -fdata-sections -Wall -fstack-usage -MMD -MP -MF"Application/User/Core/main.d" -MT"Application/User/Core/main.o" --specs=nano.specs -mfloat-abi=soft -mthumb -o "Application/User/Core/main.o"
arm-none-eabi-gcc -o "STATION_F103RB_HX8357.elf" @"objects.list"   -mcpu=cortex-m3 -T"E:\GitHub\STATION_F103RB_HX8357\STM32CubeIDE\STM32F103RBTX_FLASH.ld" -Wl,-Map="STATION_F103RB_HX8357.map" -Wl,--gc-sections -static --specs=nano.specs -mfloat-abi=soft -mthumb -u _printf_float -u _scanf_float -Wl,--start-group -lc -lm -Wl,--end-group
Finished building target: STATION_F103RB_HX8357.elf
 
arm-none-eabi-size   STATION_F103RB_HX8357.elf 
arm-none-eabi-objdump -h -S  STATION_F103RB_HX8357.elf  > "STATION_F103RB_HX8357.list"
arm-none-eabi-objcopy  -O ihex  STATION_F103RB_HX8357.elf  "STATION_F103RB_HX8357.hex"
arm-none-eabi-objcopy  -O binary  STATION_F103RB_HX8357.elf  "STATION_F103RB_HX8357.bin"
   text	   data	    bss	    dec	    hex	filename
 123224	    492	   3488	 127204	  1f0e4	STATION_F103RB_HX8357.elf
Finished building: default.size.stdout
 
Finished building: STATION_F103RB_HX8357.hex
Finished building: STATION_F103RB_HX8357.bin
 
 
Finished building: STATION_F103RB_HX8357.list
 
08:37:31 **** Incremental Build of configuration Debug for project STATION_F103RB_HX8357 ****
make -j6 all 
arm-none-eabi-gcc "E:/GitHub/STATION_F103RB_HX8357/Core/Src/main.c" -mcpu=cortex-m3 -std=gnu11 -g3 -DDEBUG -DUSE_HAL_DRIVER -DSTM32F103xB -c -I../../Core/Inc -I../../Drivers/STM32F1xx_HAL_Driver/Inc -I../../Drivers/STM32F1xx_HAL_Driver/Inc/Legacy -I../../Drivers/CMSIS/Device/ST/STM32F1xx/Include -I../../Drivers/CMSIS/Include -Ofast -ffunction-sections -fdata-sections -Wall -flto -fstack-usage -MMD -MP -MF"Application/User/Core/main.d" -MT"Application/User/Core/main.o" --specs=nano.specs -mfloat-abi=soft -mthumb -o "Application/User/Core/main.o"
arm-none-eabi-gcc -o "STATION_F103RB_HX8357.elf" @"objects.list"   -mcpu=cortex-m3 -T"E:\GitHub\STATION_F103RB_HX8357\STM32CubeIDE\STM32F103RBTX_FLASH.ld" --specs=nosys.specs -Wl,-Map="STATION_F103RB_HX8357.map" -Wl,--gc-sections -static --specs=nano.specs -mfloat-abi=soft -mthumb -u _printf_float -u _scanf_float -Wl,--start-group -lc -lm -Wl,--end-group
Finished building target: STATION_F103RB_HX8357.elf
 
arm-none-eabi-size   STATION_F103RB_HX8357.elf 
arm-none-eabi-objdump -h -S  STATION_F103RB_HX8357.elf  > "STATION_F103RB_HX8357.list"
arm-none-eabi-objcopy  -O ihex  STATION_F103RB_HX8357.elf  "STATION_F103RB_HX8357.hex"
arm-none-eabi-objcopy  -O binary  STATION_F103RB_HX8357.elf  "STATION_F103RB_HX8357.bin"
   text	   data	    bss	    dec	    hex	filename
 128784	    488	   3488	 132760	  20698	STATION_F103RB_HX8357.elf
Finished building: default.size.stdout
 
Finished building: STATION_F103RB_HX8357.bin
Finished building: STATION_F103RB_HX8357.hex
 
 
Finished building: STATION_F103RB_HX8357.list
 
08:38:16 **** Incremental Build of configuration Debug for project STATION_F103RB_HX8357 ****
make -j6 all 
arm-none-eabi-size   STATION_F103RB_HX8357.elf 
   text	   data	    bss	    dec	    hex	filename
 128784	    488	   3488	 132760	  20698	STATION_F103RB_HX8357.elf
Finished building: default.size.stdout
 
